Component: ARM Compiler 5.06 update 7 (build 960) Tool: armlink [4d3601]

==============================================================================

Section Cross References

    startup_stm32f407xx.o(STACK) refers (Special) to heapauxi.o(.text) for __use_two_region_memory
    startup_stm32f407xx.o(HEAP) refers (Special) to heapauxi.o(.text) for __use_two_region_memory
    startup_stm32f407xx.o(RESET) refers (Special) to heapauxi.o(.text) for __use_two_region_memory
    startup_stm32f407xx.o(RESET) refers to startup_stm32f407xx.o(STACK) for __initial_sp
    startup_stm32f407xx.o(RESET) refers to startup_stm32f407xx.o(.text) for Reset_Handler
    startup_stm32f407xx.o(RESET) refers to stm32f4xx_it.o(i.NMI_Handler) for NMI_Handler
    startup_stm32f407xx.o(RESET) refers to stm32f4xx_it.o(i.HardFault_Handler) for HardFault_Handler
    startup_stm32f407xx.o(RESET) refers to stm32f4xx_it.o(i.MemManage_Handler) for MemManage_Handler
    startup_stm32f407xx.o(RESET) refers to stm32f4xx_it.o(i.BusFault_Handler) for BusFault_Handler
    startup_stm32f407xx.o(RESET) refers to stm32f4xx_it.o(i.UsageFault_Handler) for UsageFault_Handler
    startup_stm32f407xx.o(RESET) refers to stm32f4xx_it.o(i.SVC_Handler) for SVC_Handler
    startup_stm32f407xx.o(RESET) refers to stm32f4xx_it.o(i.DebugMon_Handler) for DebugMon_Handler
    startup_stm32f407xx.o(RESET) refers to stm32f4xx_it.o(i.PendSV_Handler) for PendSV_Handler
    startup_stm32f407xx.o(RESET) refers to stm32f4xx_it.o(i.SysTick_Handler) for SysTick_Handler
    startup_stm32f407xx.o(RESET) refers to stm32f4xx_it.o(i.TIM1_UP_TIM10_IRQHandler) for TIM1_UP_TIM10_IRQHandler
    startup_stm32f407xx.o(RESET) refers to stm32f4xx_it.o(i.DMA2_Stream0_IRQHandler) for DMA2_Stream0_IRQHandler
    startup_stm32f407xx.o(RESET) refers to stm32f4xx_it.o(i.DMA2_Stream2_IRQHandler) for DMA2_Stream2_IRQHandler
    startup_stm32f407xx.o(.text) refers (Special) to heapauxi.o(.text) for __use_two_region_memory
    startup_stm32f407xx.o(.text) refers to system_stm32f4xx.o(i.SystemInit) for SystemInit
    startup_stm32f407xx.o(.text) refers to __main.o(!!!main) for __main
    startup_stm32f407xx.o(.text) refers to startup_stm32f407xx.o(HEAP) for Heap_Mem
    startup_stm32f407xx.o(.text) refers to startup_stm32f407xx.o(STACK) for Stack_Mem
    ano.o(i.ANO_Send_FloatData) refers to rt_memclr_w.o(.text) for __aeabi_memclr4
    ano.o(i.ANO_Send_FloatData) refers to stm32f4xx_hal_uart.o(i.HAL_UART_Transmit) for HAL_UART_Transmit
    ano.o(i.ANO_Send_FloatData) refers to ano.o(.bss) for .bss
    ano.o(i.ANO_Send_FloatData) refers to usart.o(.bss) for huart1
    currentmeasure.o(i.Read_Current) refers to currentmeasure.o(i.SlideFiltert) for SlideFiltert
    currentmeasure.o(i.Read_Current) refers to main.o(.data) for ADC_DMA_DATA
    currentmeasure.o(i.Read_Current) refers to currentmeasure.o(.data) for .data
    currentmeasure.o(i.Read_Current) refers to currentmeasure.o(.bss) for .bss
    foc.o(i.Angle_Calculate) refers to powf.o(i.__hardfp_powf) for __hardfp_powf
    foc.o(i.Angle_Calculate) refers to f2d.o(x$fpl$f2d) for __aeabi_f2d
    foc.o(i.Angle_Calculate) refers to sqrt.o(i.__hardfp_sqrt) for __hardfp_sqrt
    foc.o(i.Angle_Calculate) refers to d2f.o(x$fpl$d2f) for __aeabi_d2f
    foc.o(i.Angle_Calculate) refers to acos.o(i.__hardfp_acos) for __hardfp_acos
    foc.o(i.Angle_Calculate) refers to dmul.o(x$fpl$dmul) for __aeabi_dmul
    foc.o(i.Angle_Calculate) refers to ddiv.o(x$fpl$ddiv) for __aeabi_ddiv
    foc.o(i.Angle_Calculate) refers to daddsub_clz.o(x$fpl$dadd) for __aeabi_dadd
    foc.o(i.FOC_Calculate) refers to foc.o(i.Clark) for Clark
    foc.o(i.FOC_Calculate) refers to foc.o(i.Angle_Calculate) for Angle_Calculate
    foc.o(i.FOC_Calculate) refers to foc.o(i.Park) for Park
    foc.o(i.FOC_Calculate) refers to foc.o(i.Orienter_Judge) for Orienter_Judge
    foc.o(i.FOC_Calculate) refers to pid.o(i.PID_Calculate) for PID_Calculate
    foc.o(i.FOC_Calculate) refers to foc.o(i.SVPWM_Calculate) for SVPWM_Calculate
    foc.o(i.Foc_Init) refers to gpio.o(i.MX_GPIO_Init) for MX_GPIO_Init
    foc.o(i.Foc_Init) refers to tim.o(i.MX_TIM1_Init) for MX_TIM1_Init
    foc.o(i.Foc_Init) refers to foc.o(i.Motor_Start) for Motor_Start
    foc.o(i.Foc_Init) refers to stm32f4xx_hal_tim.o(i.HAL_TIM_Base_Start_IT) for HAL_TIM_Base_Start_IT
    foc.o(i.Foc_Init) refers to pid.o(i.PID_Init) for PID_Init
    foc.o(i.Foc_Init) refers to tim.o(.bss) for htim1
    foc.o(i.HAL_TIM_PeriodElapsedCallback) refers to currentmeasure.o(i.Read_Current) for Read_Current
    foc.o(i.HAL_TIM_PeriodElapsedCallback) refers to foc.o(.data) for .data
    foc.o(i.HAL_TIM_PeriodElapsedCallback) refers to main.o(.bss) for Foc_struct_t
    foc.o(i.Motor_Start) refers to stm32f4xx_hal_tim.o(i.HAL_TIM_PWM_Start) for HAL_TIM_PWM_Start
    foc.o(i.Motor_Start) refers to stm32f4xx_hal_tim_ex.o(i.HAL_TIMEx_PWMN_Start) for HAL_TIMEx_PWMN_Start
    foc.o(i.Motor_Start) refers to tim.o(.bss) for htim1
[...]
    i.DMA_CheckFifoParam                     0x08000910   Section        0  stm32f4xx_hal_dma.o(i.DMA_CheckFifoParam)
    DMA_CheckFifoParam                       0x08000911   Thumb Code    84  stm32f4xx_hal_dma.o(i.DMA_CheckFifoParam)
    i.DMA_SetConfig                          0x08000964   Section        0  stm32f4xx_hal_dma.o(i.DMA_SetConfig)
    DMA_SetConfig                            0x08000965   Thumb Code    40  stm32f4xx_hal_dma.o(i.DMA_SetConfig)
    i.DebugMon_Handler                       0x0800098c   Section        0  stm32f4xx_it.o(i.DebugMon_Handler)
    i.Error_Handler                          0x0800098e   Section        0  main.o(i.Error_Handler)
    i.FOC_Calculate                          0x08000994   Section        0  foc.o(i.FOC_Calculate)
    i.Foc_Init                               0x08000a00   Section        0  foc.o(i.Foc_Init)
    i.HAL_ADC_ConfigChannel                  0x08000ab8   Section        0  stm32f4xx_hal_adc.o(i.HAL_ADC_ConfigChannel)
    i.HAL_ADC_ConvCpltCallback               0x08000c04   Section        0  stm32f4xx_hal_adc.o(i.HAL_ADC_ConvCpltCallback)
    i.HAL_ADC_ConvHalfCpltCallback           0x08000c06   Section        0  stm32f4xx_hal_adc.o(i.HAL_ADC_ConvHalfCpltCallback)
    i.HAL_ADC_ErrorCallback                  0x08000c08   Section        0  stm32f4xx_hal_adc.o(i.HAL_ADC_ErrorCallback)
    i.HAL_ADC_Init                           0x08000c0a   Section        0  stm32f4xx_hal_adc.o(i.HAL_ADC_Init)
    i.HAL_ADC_MspInit                        0x08000c60   Section        0  adc.o(i.HAL_ADC_MspInit)
    i.HAL_ADC_Start_DMA                      0x08000cf8   Section        0  stm32f4xx_hal_adc.o(i.HAL_ADC_Start_DMA)
    i.HAL_DMA_IRQHandler                     0x08000e4c   Section        0  stm32f4xx_hal_dma.o(i.HAL_DMA_IRQHandler)
    i.HAL_DMA_Init                           0x08000fec   Section        0  stm32f4xx_hal_dma.o(i.HAL_DMA_Init)
    i.HAL_DMA_Start_IT                       0x080010c0   Section        0  stm32f4xx_hal_dma.o(i.HAL_DMA_Start_IT)
    i.HAL_GPIO_Init                          0x08001130   Section        0  stm32f4xx_hal_gpio.o(i.HAL_GPIO_Init)
    i.HAL_GetTick                            0x08001320   Section        0  stm32f4xx_hal.o(i.HAL_GetTick)
    i.HAL_IncTick                            0x0800132c   Section        0  stm32f4xx_hal.o(i.HAL_IncTick)
    i.HAL_Init                               0x0800133c   Section        0  stm32f4xx_hal.o(i.HAL_Init)
    i.HAL_InitTick                           0x08001370   Section        0  stm32f4xx_hal.o(i.HAL_InitTick)
    i.HAL_MspInit                            0x080013b0   Section        0  stm32f4xx_hal_msp.o(i.HAL_MspInit)
    i.HAL_NVIC_EnableIRQ                     0x080013e0   Section        0  stm32f4xx_hal_cortex.o(i.HAL_NVIC_EnableIRQ)
    i.HAL_NVIC_SetPriority                   0x080013fc   Section        0  stm32f4xx_hal_cortex.o(i.HAL_NVIC_SetPriority)
    i.HAL_NVIC_SetPriorityGrouping           0x0800143c   Section        0  stm32f4xx_hal_cortex.o(i.HAL_NVIC_SetPriorityGrouping)
    i.HAL_RCC_ClockConfig                    0x08001460   Section        0  stm32f4xx_hal_rcc.o(i.HAL_RCC_ClockConfig)
    i.HAL_RCC_GetPCLK1Freq                   0x08001594   Section        0  stm32f4xx_hal_rcc.o(i.HAL_RCC_GetPCLK1Freq)
    i.HAL_RCC_GetPCLK2Freq                   0x080015b4   Section        0  stm32f4xx_hal_rcc.o(i.HAL_RCC_GetPCLK2Freq)
    i.HAL_RCC_GetSysClockFreq                0x080015d4   Section        0  stm32f4xx_hal_rcc.o(i.HAL_RCC_GetSysClockFreq)
    i.HAL_RCC_OscConfig                      0x08001634   Section        0  stm32f4xx_hal_rcc.o(i.HAL_RCC_OscConfig)
    i.HAL_SYSTICK_Config                     0x080019a0   Section        0  stm32f4xx_hal_cortex.o(i.HAL_SYSTICK_Config)
    i.HAL_TIMEx_BreakCallback                0x080019c8   Section        0  stm32f4xx_hal_tim_ex.o(i.HAL_TIMEx_BreakCallback)
    i.HAL_TIMEx_CommutCallback               0x080019ca   Section        0  stm32f4xx_hal_tim_ex.o(i.HAL_TIMEx_CommutCallback)
    i.HAL_TIMEx_ConfigBreakDeadTime          0x080019cc   Section        0  stm32f4xx_hal_tim_ex.o(i.HAL_TIMEx_ConfigBreakDeadTime)
    i.HAL_TIMEx_MasterConfigSynchronization  0x08001a20   Section        0  stm32f4xx_hal_tim_ex.o(i.HAL_TIMEx_MasterConfigSynchronization)
    i.HAL_TIMEx_PWMN_Start                   0x08001ab0   Section        0  stm32f4xx_hal_tim_ex.o(i.HAL_TIMEx_PWMN_Start)
    i.HAL_TIM_Base_Init                      0x08001b70   Section        0  stm32f4xx_hal_tim.o(i.HAL_TIM_Base_Init)
    i.HAL_TIM_Base_MspInit                   0x08001bcc   Section        0  tim.o(i.HAL_TIM_Base_MspInit)
    i.HAL_TIM_Base_Start_IT                  0x08001c08   Section        0  stm32f4xx_hal_tim.o(i.HAL_TIM_Base_Start_IT)
    i.HAL_TIM_ConfigClockSource              0x08001c88   Section        0  stm32f4xx_hal_tim.o(i.HAL_TIM_ConfigClockSource)
    i.HAL_TIM_IC_CaptureCallback             0x08001d64   Section        0  stm32f4xx_hal_tim.o(i.HAL_TIM_IC_CaptureCallback)
    i.HAL_TIM_IRQHandler                     0x08001d66   Section        0  stm32f4xx_hal_tim.o(i.HAL_TIM_IRQHandler)
    i.HAL_TIM_MspPostInit                    0x08001ecc   Section        0  tim.o(i.HAL_TIM_MspPostInit)
    i.HAL_TIM_OC_DelayElapsedCallback        0x08001f20   Section        0  stm32f4xx_hal_tim.o(i.HAL_TIM_OC_DelayElapsedCallback)
    i.HAL_TIM_PWM_ConfigChannel              0x08001f22   Section        0  stm32f4xx_hal_tim.o(i.HAL_TIM_PWM_ConfigChannel)
    i.HAL_TIM_PWM_Init                       0x08001fee   Section        0  stm32f4xx_hal_tim.o(i.HAL_TIM_PWM_Init)
    i.HAL_TIM_PWM_MspInit                    0x08002048   Section        0  stm32f4xx_hal_tim.o(i.HAL_TIM_PWM_MspInit)
    i.HAL_TIM_PWM_PulseFinishedCallback      0x0800204a   Section        0  stm32f4xx_hal_tim.o(i.HAL_TIM_PWM_PulseFinishedCallback)
    i.HAL_TIM_PWM_Start                      0x0800204c   Section        0  stm32f4xx_hal_tim.o(i.HAL_TIM_PWM_Start)
    i.HAL_TIM_PeriodElapsedCallback          0x08002114   Section        0  foc.o(i.HAL_TIM_PeriodElapsedCallback)
    i.HAL_TIM_TriggerCallback                0x08002138   Section        0  stm32f4xx_hal_tim.o(i.HAL_TIM_TriggerCallback)
    i.HAL_UART_Init                          0x0800213a   Section        0  stm32f4xx_hal_uart.o(i.HAL_UART_Init)
    i.HAL_UART_MspInit                       0x0800219c   Section        0  usart.o(i.HAL_UART_MspInit)
    i.HAL_UART_Transmit                      0x0800223c   Section        0  stm32f4xx_hal_uart.o(i.HAL_UART_Transmit)
    i.HardFault_Handler                      0x080022ee   Section        0  stm32f4xx_it.o(i.HardFault_Handler)
    i.MX_ADC1_Init                           0x080022f0   Section        0  adc.o(i.MX_ADC1_Init)
    i.MX_DMA_Init                            0x0800236c   Section        0  dma.o(i.MX_DMA_Init)
    i.MX_GPIO_Init                           0x080023a8   Section        0  gpio.o(i.MX_GPIO_Init)
    i.MX_TIM1_Init                           0x080023e4   Section        0  tim.o(i.MX_TIM1_Init)
    i.MX_USART1_UART_Init                    0x080024d4   Section        0  usart.o(i.MX_USART1_UART_Init)
    i.MemManage_Handler                      0x0800250c   Section        0  stm32f4xx_it.o(i.MemManage_Handler)
    i.Moto1_Svpwm_Duty_Set                   0x08002510   Section        0  svpwm.o(i.Moto1_Svpwm_Duty_Set)
    i.Motor_Start                            0x08002564   Section        0  foc.o(i.Motor_Start)
    i.NMI_Handler                            0x080025dc   Section        0  stm32f4xx_it.o(i.NMI_Handler)
    i.Orienter_Judge                         0x080025e0   Section        0  foc.o(i.Orienter_Judge)
    i.PID_Calculate                          0x08002630   Section        0  pid.o(i.PID_Calculate)
    i.PID_Init                               0x08002730   Section        0  pid.o(i.PID_Init)
    i.Park                                   0x08002758   Section        0  foc.o(i.Park)
    i.PendSV_Handler                         0x0800288c   Section        0  stm32f4xx_it.o(i.PendSV_Handler)
    i.Read_Current                           0x08002890   Section        0  currentmeasure.o(i.Read_Current)
    i.RevPark                                0x08002900   Section        0  foc.o(i.RevPark)
    i.SVC_Handler                            0x08002a24   Section        0  stm32f4xx_it.o(i.SVC_Handler)
    i.SVPWM_Calculate                        0x08002a26   Section        0  foc.o(i.SVPWM_Calculate)
    i.SectorsJudge                           0x08002a48   Section        0  svpwm.o(i.SectorsJudge)
    i.SlideFiltert                           0x08002ac8   Section        0  currentmeasure.o(i.SlideFiltert)
    i.SysTick_Handler                        0x08002b08   Section        0  stm32f4xx_it.o(i.SysTick_Handler)
    i.SystemClock_Config                     0x08002b0c   Section        0  main.o(i.SystemClock_Config)
    i.SystemInit                             0x08002ba4   Section        0  system_stm32f4xx.o(i.SystemInit)
    i.TIM1_UP_TIM10_IRQHandler               0x08002bb4   Section        0  stm32f4xx_it.o(i.TIM1_UP_TIM10_IRQHandler)
    i.TIM_Base_SetConfig                     0x08002bc0   Section        0  stm32f4xx_hal_tim.o(i.TIM_Base_SetConfig)
    i.TIM_CCxChannelCmd                      0x08002c88   Section        0  stm32f4xx_hal_tim.o(i.TIM_CCxChannelCmd)
    i.TIM_CCxNChannelCmd                     0x08002ca2   Section        0  stm32f4xx_hal_tim_ex.o(i.TIM_CCxNChannelCmd)
    TIM_CCxNChannelCmd                       0x08002ca3   Thumb Code    26  stm32f4xx_hal_tim_ex.o(i.TIM_CCxNChannelCmd)
    i.TIM_ETR_SetConfig                      0x08002cbc   Section        0  stm32f4xx_hal_tim.o(i.TIM_ETR_SetConfig)
    i.TIM_ITRx_SetConfig                     0x08002cd0   Section        0  stm32f4xx_hal_tim.o(i.TIM_ITRx_SetConfig)
    TIM_ITRx_SetConfig                       0x08002cd1   Thumb Code    16  stm32f4xx_hal_tim.o(i.TIM_ITRx_SetConfig)
    i.TIM_OC1_SetConfig                      0x08002ce0   Section        0  stm32f4xx_hal_tim.o(i.TIM_OC1_SetConfig)
    TIM_OC1_SetConfig                        0x08002ce1   Thumb Code    88  stm32f4xx_hal_tim.o(i.TIM_OC1_SetConfig)
    i.TIM_OC2_SetConfig                      0x08002d40   Section        0  stm32f4xx_hal_tim.o(i.TIM_OC2_SetConfig)
    i.TIM_OC3_SetConfig                      0x08002dac   Section        0  stm32f4xx_hal_tim.o(i.TIM_OC3_SetConfig)
    TIM_OC3_SetConfig                        0x08002dad   Thumb Code    96  stm32f4xx_hal_tim.o(i.TIM_OC3_SetConfig)
    i.TIM_OC4_SetConfig                      0x08002e14   Section        0  stm32f4xx_hal_tim.o(i.TIM_OC4_SetConfig)
    TIM_OC4_SetConfig                        0x08002e15   Thumb Code    70  stm32f4xx_hal_tim.o(i.TIM_OC4_SetConfig)
    i.TIM_TI1_ConfigInputStage               0x08002e64   Section        0  stm32f4xx_hal_tim.o(i.TIM_TI1_ConfigInputStage)
    TIM_TI1_ConfigInputStage                 0x08002e65   Thumb Code    34  stm32f4xx_hal_tim.o(i.TIM_TI1_ConfigInputStage)
    i.TIM_TI2_ConfigInputStage               0x08002e86   Section        0  stm32f4xx_hal_tim.o(i.TIM_TI2_ConfigInputStage)
    TIM_TI2_ConfigInputStage                 0x08002e87   Thumb Code    36  stm32f4xx_hal_tim.o(i.TIM_TI2_ConfigInputStage)
    i.Time_Calculate                         0x08002eac   Section        0  svpwm.o(i.Time_Calculate)
    i.UART_SetConfig                         0x080031a0   Section        0  stm32f4xx_hal_uart.o(i.UART_SetConfig)
    UART_SetConfig                           0x080031a1   Thumb Code   258  stm32f4xx_hal_uart.o(i.UART_SetConfig)
    i.UART_WaitOnFlagUntilTimeout            0x080032ac   Section        0  stm32f4xx_hal_uart.o(i.UART_WaitOnFlagUntilTimeout)
    UART_WaitOnFlagUntilTimeout              0x080032ad   Thumb Code   120  stm32f4xx_hal_uart.o(i.UART_WaitOnFlagUntilTimeout)
    i.UsageFault_Handler                     0x08003324   Section        0  stm32f4xx_it.o(i.UsageFault_Handler)
    i.__ARM_fpclassify                       0x08003326   Section        0  fpclassify.o(i.__ARM_fpclassify)
    i.__ARM_fpclassifyf                      0x08003356   Section        0  fpclassifyf.o(i.__ARM_fpclassifyf)
    i.__NVIC_SetPriority                     0x0800337c   Section        0  stm32f4xx_hal_cortex.o(i.__NVIC_SetPriority)
    __NVIC_SetPriority                       0x0800337d   Thumb Code    32  stm32f4xx_hal_cortex.o(i.__NVIC_SetPriority)
    i.__hardfp_acos                          0x080033a0   Section        0  acos.o(i.__hardfp_acos)
    i.__hardfp_cos                           0x080036f8   Section        0  cos.o(i.__hardfp_cos)
    i.__hardfp_powf                          0x080037c0   Section        0  powf.o(i.__hardfp_powf)
    i.__hardfp_sin                           0x08003e28   Section        0  sin.o(i.__hardfp_sin)
    i.__hardfp_sqrt                          0x08003ef0   Section        0  sqrt.o(i.__hardfp_sqrt)
    i.__ieee754_rem_pio2                     0x08003f70   Section        0  rred.o(i.__ieee754_rem_pio2)
    i.__kernel_cos                           0x080043a8   Section        0  cos_i.o(i.__kernel_cos)
    i.__kernel_poly                          0x08004518   Section        0  poly.o(i.__kernel_poly)
    i.__kernel_sin                           0x08004610   Section        0  sin_i.o(i.__kernel_sin)
    i.__mathlib_dbl_infnan                   0x08004740   Section        0  dunder.o(i.__mathlib_dbl_infnan)
    i.__mathlib_dbl_invalid                  0x08004758   Section        0  dunder.o(i.__mathlib_dbl_invalid)
    i.__mathlib_dbl_underflow                0x08004778   Section        0  dunder.o(i.__mathlib_dbl_underflow)
    i.__mathlib_flt_divzero                  0x08004798   Section        0  funder.o(i.__mathlib_flt_divzero)
    i.__mathlib_flt_infnan2                  0x080047ac   Section        0  funder.o(i.__mathlib_flt_infnan2)
    i.__mathlib_flt_invalid                  0x080047b4   Section        0  funder.o(i.__mathlib_flt_invalid)
    i.__mathlib_flt_overflow                 0x080047c4   Section        0  funder.o(i.__mathlib_flt_overflow)
    i.__mathlib_flt_underflow                0x080047d4   Section        0  funder.o(i.__mathlib_flt_underflow)
    i.fabs                                   0x080047e4   Section        0  fabs.o(i.fabs)
    i.main                                   0x080047fc   Section        0  main.o(i.main)
    i.sqrt                                   0x0800484c   Section        0  sqrt.o(i.sqrt)
    x$fpl$basic                              0x080048ba   Section       24  basic.o(x$fpl$basic)
    $v0                                      0x080048ba   Number         0  basic.o(x$fpl$basic)
    x$fpl$d2f                                0x080048d4   Section       98  d2f.o(x$fpl$d2f)
    $v0                                      0x080048d4   Number         0  d2f.o(x$fpl$d2f)
    x$fpl$dadd                               0x08004938   Section      336  daddsub_clz.o(x$fpl$dadd)
    $v0                                      0x08004938   Number         0  daddsub_clz.o(x$fpl$dadd)
    _dadd1                                   0x08004949   Thumb Code     0  daddsub_clz.o(x$fpl$dadd)
    x$fpl$ddiv                               0x08004a88   Section      688  ddiv.o(x$fpl$ddiv)
    $v0                                      0x08004a88   Number         0  ddiv.o(x$fpl$ddiv)
    ddiv_entry                               0x08004a8f   Thumb Code     0  ddiv.o(x$fpl$ddiv)
    x$fpl$dfix                               0x08004d38   Section       94  dfix.o(x$fpl$dfix)
    $v0                                      0x08004d38   Number         0  dfix.o(x$fpl$dfix)
    x$fpl$dflt                               0x08004d96   Section       46  dflt_clz.o(x$fpl$dflt)
    $v0                                      0x08004d96   Number         0  dflt_clz.o(x$fpl$dflt)
    x$fpl$dfltu                              0x08004dc4   Section       38  dflt_clz.o(x$fpl$dfltu)
    $v0                                      0x08004dc4   Number         0  dflt_clz.o(x$fpl$dfltu)
    x$fpl$dmul                               0x08004dec   Section      340  dmul.o(x$fpl$dmul)
    $v0                                      0x08004dec   Number         0  dmul.o(x$fpl$dmul)
    x$fpl$dnaninf                            0x08004f40   Section      156  dnaninf.o(x$fpl$dnaninf)
    $v0                                      0x08004f40   Number         0  dnaninf.o(x$fpl$dnaninf)
    x$fpl$dretinf                            0x08004fdc   Section       12  dretinf.o(x$fpl$dretinf)
    $v0                                      0x08004fdc   Number         0  dretinf.o(x$fpl$dretinf)
    x$fpl$drsb                               0x08004fe8   Section       22  daddsub_clz.o(x$fpl$drsb)
    $v0                                      0x08004fe8   Number         0  daddsub_clz.o(x$fpl$drsb)
    x$fpl$dsqrt                              0x08005000   Section      408  dsqrt_umaal.o(x$fpl$dsqrt)
    $v0                                      0x08005000   Number         0  dsqrt_umaal.o(x$fpl$dsqrt)
    x$fpl$dsub                               0x08005198   Section      468  daddsub_clz.o(x$fpl$dsub)
    $v0                                      0x08005198   Number         0  daddsub_clz.o(x$fpl$dsub)
    _dsub1                                   0x080051a9   Thumb Code     0  daddsub_clz.o(x$fpl$dsub)
    x$fpl$f2d                                0x0800536c   Section       86  f2d.o(x$fpl$f2d)
    $v0                                      0x0800536c   Number         0  f2d.o(x$fpl$f2d)
    x$fpl$fnaninf                            0x080053c2   Section      140  fnaninf.o(x$fpl$fnaninf)
    $v0                                      0x080053c2   Number         0  fnaninf.o(x$fpl$fnaninf)
    x$fpl$fpinit                             0x0800544e   Section       10  fpinit.o(x$fpl$fpinit)
    $v0                                      0x0800544e   Number         0  fpinit.o(x$fpl$fpinit)
    x$fpl$fretinf                            0x08005458   Section       10  fretinf.o(x$fpl$fretinf)
    $v0                                      0x08005458   Number         0  fretinf.o(x$fpl$fretinf)
    .constdata                               0x08005462   Section        8  stm32f4xx_hal_dma.o(.constdata)
    x$fpl$usenofp                            0x08005462   Section        0  usenofp.o(x$fpl$usenofp)
    flagBitshiftOffset                       0x08005462   Data           8  stm32f4xx_hal_dma.o(.constdata)
    .constdata                               0x0800546a   Section       16  system_stm32f4xx.o(.constdata)
    .constdata                               0x0800547a   Section        8  system_stm32f4xx.o(.constdata)
    .constdata                               0x08005488   Section       80  acos.o(.constdata)
    pS                                       0x08005488   Data          48  acos.o(.constdata)
    qS                                       0x080054b8   Data          32  acos.o(.constdata)
    .constdata                               0x080054d8   Section      320  powf.o(.constdata)
    table                                    0x080054d8   Data         128  powf.o(.constdata)
    powersof2to1over16top                    0x08005558   Data          64  powf.o(.constdata)
    powersof2to1over16bot                    0x08005598   Data          64  powf.o(.constdata)
    powersof2to1over16all                    0x080055d8   Data          64  powf.o(.constdata)
    .constdata                               0x08005618   Section       48  cos_i.o(.constdata)
    C                                        0x08005618   Data          48  cos_i.o(.constdata)
    .constdata                               0x08005648   Section      200  rred.o(.constdata)
    pio2s                                    0x08005648   Data          48  rred.o(.constdata)
    twooverpi                                0x08005678   Data         152  rred.o(.constdata)
    .constdata                               0x08005710   Section       40  sin_i.o(.constdata)
    S                                        0x08005710   Data          40  sin_i.o(.constdata)
    .data                                    0x20000000   Section       12  currentmeasure.o(.data)
    FiltertDataPos_1                         0x20000000   Data           4  currentmeasure.o(.data)
    FiltertDataPos_2                         0x20000004   Data           4  currentmeasure.o(.data)
    FiltertDataPos_3                         0x20000008   Data           4  currentmeasure.o(.data)
    .data                                    0x2000000c   Section        8  foc.o(.data)
    Read_Current_Num                         0x20000010   Data           4  foc.o(.data)
    .data                                    0x20000014   Section        8  main.o(.data)
    .data                                    0x2000001c   Section       12  stm32f4xx_hal.o(.data)
    .data                                    0x20000028   Section        4  system_stm32f4xx.o(.data)
    .bss                                     0x2000002c   Section       35  ano.o(.bss)
    .bss                                     0x20000050   Section      180  currentmeasure.o(.bss)
    FiltertData_1                            0x20000050   Data          60  currentmeasure.o(.bss)
    FiltertData_2                            0x2000008c   Data          60  currentmeasure.o(.bss)
    FiltertData_3                            0x200000c8   Data          60  currentmeasure.o(.bss)
    .bss                                     0x20000104   Section      240  main.o(.bss)
    .bss                                     0x200001f4   Section      168  adc.o(.bss)
    .bss                                     0x2000029c   Section       72  tim.o(.bss)
    .bss                                     0x200002e4   Section      164  usart.o(.bss)
    .bss                                     0x20000388   Section       96  libspace.o(.bss)
    HEAP                                     0x200003e8   Section      512  startup_stm32f407xx.o(HEAP)
    Heap_Mem                                 0x200003e8   Data         512  startup_stm32f407xx.o(HEAP)
    STACK                                    0x200005e8   Section     1024  startup_stm32f407xx.o(STACK)
    Stack_Mem                                0x200005e8   Data        1024  startup_stm32f407xx.o(STACK)
    __initial_sp                             0x200009e8   Data           0  startup_stm32f407xx.o(STACK)

    Global Symbols

    Symbol Name                              Value     Ov Type        Size  Object(Section)

    BuildAttributes$$THM_ISAv4$E$P$D$K$B$S$7EM$VFPi3$EXTD16$VFPS$VFMA$PE$A:L22UL41UL21$X:L11$S22US41US21$IEEE1$IW$USESV6$~STKCKD$USESV7$~SHL$OTIME$ROPI$IEEEX$EBA8$UX$STANDARDLIB$REQ8$PRES8$EABIv2 0x00000000   Number         0  anon$$obj.o ABSOLUTE
    __ARM_use_no_argv                        0x00000000   Number         0  main.o ABSOLUTE
    __ARM_exceptions_init                     - Undefined Weak Reference
    __alloca_initialize                       - Undefined Weak Reference
    __arm_fini_                               - Undefined Weak Reference
    __arm_preinit_                            - Undefined Weak Reference
    __cpp_initialize__aeabi_                  - Undefined Weak Reference
    __cxa_finalize                            - Undefined Weak Reference
    __rt_locale                               - Undefined Weak Reference
    __sigvec_lookup                           - Undefined Weak Reference
    _atexit_init                              - Undefined Weak Reference
    _call_atexit_fns                          - Undefined Weak Reference
    _clock_init                               - Undefined Weak Reference
    _fp_trap_init                             - Undefined Weak Reference
    _fp_trap_shutdown                         - Undefined Weak Reference
    _get_lc_collate                           - Undefined Weak Reference
    _get_lc_ctype                             - Undefined Weak Reference
    _get_lc_monetary                          - Undefined Weak Reference
    _get_lc_numeric                           - Undefined Weak Reference
    _get_lc_time                              - Undefined Weak Reference
    _getenv_init                              - Undefined Weak Reference
    _handle_redirection                       - Undefined Weak Reference
    _init_alloc                               - Undefined Weak Reference
    _init_user_alloc                          - Undefined Weak Reference
    _initio                                   - Undefined Weak Reference
    _rand_init                                - Undefined Weak Reference
    _signal_finish                            - Undefined Weak Reference
    _signal_init                              - Undefined Weak Reference
    _terminate_alloc                          - Undefined Weak Reference
    _terminate_user_alloc                     - Undefined Weak Reference
    _terminateio                              - Undefined Weak Reference
    __Vectors_Size                           0x00000188   Number         0  startup_stm32f407xx.o ABSOLUTE
    __Vectors                                0x08000000   Data           4  startup_stm32f407xx.o(RESET)
    __Vectors_End                            0x08000188   Data           0  startup_stm32f407xx.o(RESET)
    __main                                   0x08000189   Thumb Code     8  __main.o(!!!main)
    __scatterload                            0x08000191   Thumb Code     0  __scatter.o(!!!scatter)
    __scatterload_rt2                        0x08000191   Thumb Code    44  __scatter.o(!!!scatter)
    __scatterload_rt2_thumb_only             0x08000191   Thumb Code     0  __scatter.o(!!!scatter)
    __scatterload_null                       0x0800019f   Thumb Code     0  __scatter.o(!!!scatter)
    __scatterload_copy                       0x080001c5   Thumb Code    26  __scatter_copy.o(!!handler_copy)
    __scatterload_zeroinit                   0x080001e1   Thumb Code    28  __scatter_zi.o(!!handler_zi)
    __rt_lib_init                            0x080001fd   Thumb Code     0  libinit.o(.ARM.Collect$$libinit$$00000000)
    __rt_lib_init_fp_1                       0x080001ff   Thumb Code     0  libinit2.o(.ARM.Collect$$libinit$$00000001)
    __rt_lib_init_alloca_1                   0x08000203   Thumb Code     0  libinit2.o(.ARM.Collect$$libinit$$0000002E)
    __rt_lib_init_argv_1                     0x08000203   Thumb Code     0  libinit2.o(.ARM.Collect$$libinit$$0000002C)
    __rt_lib_init_atexit_1                   0x08000203   Thumb Code     0  libinit2.o(.ARM.Collect$$libinit$$0000001B)
    __rt_lib_init_clock_1                    0x08000203   Thumb Code     0  libinit2.o(.ARM.Collect$$libinit$$00000021)
    __rt_lib_init_cpp_1                      0x08000203   Thumb Code     0  libinit2.o(.ARM.Collect$$libinit$$00000032)
    __rt_lib_init_exceptions_1               0x08000203   Thumb Code     0  libinit2.o(.ARM.Collect$$libinit$$00000030)
    __rt_lib_init_fp_trap_1                  0x08000203   Thumb Code     0  libinit2.o(.ARM.Collect$$libinit$$0000001F)
    __rt_lib_init_getenv_1                   0x08000203   Thumb Code     0  libinit2.o(.ARM.Collect$$libinit$$00000023)
    __rt_lib_init_heap_1                     0x08000203   Thumb Code     0  libinit2.o(.ARM.Collect$$libinit$$0000000A)
    __rt_lib_init_lc_collate_1               0x08000203   Thumb Code     0  libinit2.o(.ARM.Collect$$libinit$$00000011)
    __rt_lib_init_lc_ctype_1                 0x08000203   Thumb Code     0  libinit2.o(.ARM.Collect$$libinit$$00000013)
    __rt_lib_init_lc_monetary_1              0x08000203   Thumb Code     0  libinit2.o(.ARM.Collect$$libinit$$00000015)
    __rt_lib_init_lc_numeric_1               0x08000203   Thumb Code     0  libinit2.o(.ARM.Collect$$libinit$$00000017)
    __rt_lib_init_lc_time_1                  0x08000203   Thumb Code     0  libinit2.o(.ARM.Collect$$libinit$$00000019)
    __rt_lib_init_preinit_1                  0x08000203   Thumb Code     0  libinit2.o(.ARM.Collect$$libinit$$00000004)
    __rt_lib_init_rand_1                     0x08000203   Thumb Code     0  libinit2.o(.ARM.Collect$$libinit$$0000000E)
    __rt_lib_init_return                     0x08000203   Thumb Code     0  libinit2.o(.ARM.Collect$$libinit$$00000033)
    __rt_lib_init_signal_1                   0x08000203   Thumb Code     0  libinit2.o(.ARM.Collect$$libinit$$0000001D)
    __rt_lib_init_stdio_1                    0x08000203   Thumb Code     0  libinit2.o(.ARM.Collect$$libinit$$00000025)
    __rt_lib_init_user_alloc_1               0x08000203   Thumb Code     0  libinit2.o(.ARM.Collect$$libinit$$0000000C)
    __rt_lib_shutdown                        0x08000205   Thumb Code     0  libshutdown.o(.ARM.Collect$$libshutdown$$00000000)
    __rt_lib_shutdown_cpp_1                  0x08000207   Thumb Code     0  libshutdown2.o(.ARM.Collect$$libshutdown$$00000004)
    __rt_lib_shutdown_fini_1                 0x08000207   Thumb Code     0  libshutdown2.o(.ARM.Collect$$libshutdown$$00000002)
    __rt_lib_shutdown_fp_trap_1              0x08000207   Thumb Code     0  libshutdown2.o(.ARM.Collect$$libshutdown$$00000009)
    __rt_lib_shutdown_heap_1                 0x08000207   Thumb Code     0  libshutdown2.o(.ARM.Collect$$libshutdown$$00000011)
    __rt_lib_shutdown_return                 0x08000207   Thumb Code     0  libshutdown2.o(.ARM.Collect$$libshutdown$$00000012)
    __rt_lib_shutdown_signal_1               0x08000207   Thumb Code     0  libshutdown2.o(.ARM.Collect$$libshutdown$$0000000C)
    __rt_lib_shutdown_stdio_1                0x08000207   Thumb Code     0  libshutdown2.o(.ARM.Collect$$libshutdown$$00000006)
    __rt_lib_shutdown_user_alloc_1           0x08000207   Thumb Code     0  libshutdown2.o(.ARM.Collect$$libshutdown$$0000000E)
    __rt_entry                               0x08000209   Thumb Code     0  __rtentry.o(.ARM.Collect$$rtentry$$00000000)
    __rt_entry_presh_1                       0x08000209   Thumb Code     0  __rtentry2.o(.ARM.Collect$$rtentry$$00000002)
    __rt_entry_sh                            0x08000209   Thumb Code     0  __rtentry4.o(.ARM.Collect$$rtentry$$00000004)
    __rt_entry_li                            0x0800020f   Thumb Code     0  __rtentry2.o(.ARM.Collect$$rtentry$$0000000A)
    __rt_entry_postsh_1                      0x0800020f   Thumb Code     0  __rtentry2.o(.ARM.Collect$$rtentry$$00000009)
    __rt_entry_main                          0x08000213   Thumb Code     0  __rtentry2.o(.ARM.Collect$$rtentry$$0000000D)
    __rt_entry_postli_1                      0x08000213   Thumb Code     0  __rtentry2.o(.ARM.Collect$$rtentry$$0000000C)
    __rt_exit                                0x0800021b   Thumb Code     0  rtexit.o(.ARM.Collect$$rtexit$$00000000)
    __rt_exit_ls                             0x0800021d   Thumb Code     0  rtexit2.o(.ARM.Collect$$rtexit$$00000003)
    __rt_exit_prels_1                        0x0800021d   Thumb Code     0  rtexit2.o(.ARM.Collect$$rtexit$$00000002)
    __rt_exit_exit                           0x08000221   Thumb Code     0  rtexit2.o(.ARM.Collect$$rtexit$$00000004)
    Reset_Handler                            0x08000229   Thumb Code     8  startup_stm32f407xx.o(.text)
    ADC_IRQHandler                           0x08000243   Thumb Code     0  startup_stm32f407xx.o(.text)
    CAN1_RX0_IRQHandler                      0x08000243   Thumb Code     0  startup_stm32f407xx.o(.text)
    CAN1_RX1_IRQHandler                      0x08000243   Thumb Code     0  startup_stm32f407xx.o(.text)
    CAN1_SCE_IRQHandler                      0x08000243   Thumb Code     0  startup_stm32f407xx.o(.text)
    CAN1_TX_IRQHandler                       0x08000243   Thumb Code     0  startup_stm32f407xx.o(.text)
    CAN2_RX0_IRQHandler                      0x08000243   Thumb Code     0  startup_stm32f407xx.o(.text)
    CAN2_RX1_IRQHandler                      0x08000243   Thumb Code     0  startup_stm32f407xx.o(.text)
    CAN2_SCE_IRQHandler                      0x08000243   Thumb Code     0  startup_stm32f407xx.o(.text)
    CAN2_TX_IRQHandler                       0x08000243   Thumb Code     0  startup_stm32f407xx.o(.text)
    DCMI_IRQHandler                          0x08000243   Thumb Code     0  startup_stm32f407xx.o(.text)
    DMA1_Stream0_IRQHandler                  0x08000243   Thumb Code     0  startup_stm32f407xx.o(.text)
    DMA1_Stream1_IRQHandler                  0x08000243   Thumb Code     0  startup_stm32f407xx.o(.text)
    DMA1_Stream2_IRQHandler                  0x08000243   Thumb Code     0  startup_stm32f407xx.o(.text)
    DMA1_Stream3_IRQHandler                  0x08000243   Thumb Code     0  startup_stm32f407xx.o(.text)
    DMA1_Stream4_IRQHandler                  0x08000243   Thumb Code     0  startup_stm32f407xx.o(.text)
    DMA1_Stream5_IRQHandler                  0x08000243   Thumb Code     0  startup_stm32f407xx.o(.text)
    DMA1_Stream6_IRQHandler                  0x08000243   Thumb Code     0  startup_stm32f407xx.o(.text)
    DMA1_Stream7_IRQHandler                  0x08000243   Thumb Code     0  startup_stm32f407xx.o(.text)
    DMA2_Stream1_IRQHandler                  0x08000243   Thumb Code     0  startup_stm32f407xx.o(.text)
    DMA2_Stream3_IRQHandler                  0x08000243   Thumb Code     0  startup_stm32f407xx.o(.text)
    DMA2_Stream4_IRQHandler                  0x08000243   Thumb Code     0  startup_stm32f407xx.o(.text)
    DMA2_Stream5_IRQHandler                  0x08000243   Thumb Code     0  startup_stm32f407xx.o(.text)
    DMA2_Stream6_IRQHandler                  0x08000243   Thumb Code     0  startup_stm32f407xx.o(.text)
    DMA2_Stream7_IRQHandler                  0x08000243   Thumb Code     0  startup_stm32f407xx.o(.text)
    ETH_IRQHandler                           0x08000243   Thumb Code     0  startup_stm32f407xx.o(.text)
    ETH_WKUP_IRQHandler                      0x08000243   Thumb Code     0  startup_stm32f407xx.o(.text)
    EXTI0_IRQHandler                         0x08000243   Thumb Code     0  startup_stm32f407xx.o(.text)
    EXTI15_10_IRQHandler                     0x08000243   Thumb Code     0  startup_stm32f407xx.o(.text)
    EXTI1_IRQHandler                         0x08000243   Thumb Code     0  startup_stm32f407xx.o(.text)
    EXTI2_IRQHandler                         0x08000243   Thumb Code     0  startup_stm32f407xx.o(.text)
    EXTI3_IRQHandler                         0x08000243   Thumb Code     0  startup_stm32f407xx.o(.text)
    EXTI4_IRQHandler                         0x08000243   Thumb Code     0  startup_stm32f407xx.o(.text)
    EXTI9_5_IRQHandler                       0x08000243   Thumb Code     0  startup_stm32f407xx.o(.text)
    FLASH_IRQHandler                         0x08000243   Thumb Code     0  startup_stm32f407xx.o(.text)
    FMC_IRQHandler                           0x08000243   Thumb Code     0  startup_stm32f407xx.o(.text)
    FPU_IRQHandler                           0x08000243   Thumb Code     0  startup_stm32f407xx.o(.text)
    HASH_RNG_IRQHandler                      0x08000243   Thumb Code     0  startup_stm32f407xx.o(.text)
    I2C1_ER_IRQHandler                       0x08000243   Thumb Code     0  startup_stm32f407xx.o(.text)
    I2C1_EV_IRQHandler                       0x08000243   Thumb Code     0  startup_stm32f407xx.o(.text)
    I2C2_ER_IRQHandler                       0x08000243   Thumb Code     0  startup_stm32f407xx.o(.text)
    I2C2_EV_IRQHandler                       0x08000243   Thumb Code     0  startup_stm32f407xx.o(.text)
    I2C3_ER_IRQHandler                       0x08000243   Thumb Code     0  startup_stm32f407xx.o(.text)
    I2C3_EV_IRQHandler                       0x08000243   Thumb Code     0  startup_stm32f407xx.o(.text)
    OTG_FS_IRQHandler                        0x08000243   Thumb Code     0  startup_stm32f407xx.o(.text)
    OTG_FS_WKUP_IRQHandler                   0x08000243   Thumb Code     0  startup_stm32f407xx.o(.text)
    OTG_HS_EP1_IN_IRQHandler                 0x08000243   Thumb Code     0  startup_stm32f407xx.o(.text)
    OTG_HS_EP1_OUT_IRQHandler                0x08000243   Thumb Code     0  startup_stm32f407xx.o(.text)
    OTG_HS_IRQHandler                        0x08000243   Thumb Code     0  startup_stm32f407xx.o(.text)
    OTG_HS_WKUP_IRQHandler                   0x08000243   Thumb Code     0  startup_stm32f407xx.o(.text)
    PVD_IRQHandler                           0x08000243   Thumb Code     0  startup_stm32f407xx.o(.text)
    RCC_IRQHandler                           0x08000243   Thumb Code     0  startup_stm32f407xx.o(.text)
    RTC_Alarm_IRQHandler                     0x08000243   Thumb Code     0  startup_stm32f407xx.o(.text)
    RTC_WKUP_IRQHandler                      0x08000243   Thumb Code     0  startup_stm32f407xx.o(.text)
    SDIO_IRQHandler                          0x08000243   Thumb Code     0  startup_stm32f407xx.o(.text)
    SPI1_IRQHandler                          0x08000243   Thumb Code     0  startup_stm32f407xx.o(.text)
    SPI2_IRQHandler                          0x08000243   Thumb Code     0  startup_stm32f407xx.o(.text)
    SPI3_IRQHandler                          0x08000243   Thumb Code     0  startup_stm32f407xx.o(.text)
    TAMP_STAMP_IRQHandler                    0x08000243   Thumb Code     0  startup_stm32f407xx.o(.text)
    TIM1_BRK_TIM9_IRQHandler                 0x08000243   Thumb Code     0  startup_stm32f407xx.o(.text)
    TIM1_CC_IRQHandler                       0x08000243   Thumb Code     0  startup_stm32f407xx.o(.text)
    TIM1_TRG_COM_TIM11_IRQHandler            0x08000243   Thumb Code     0  startup_stm32f407xx.o(.text)
    TIM2_IRQHandler                          0x08000243   Thumb Code     0  startup_stm32f407xx.o(.text)
    TIM3_IRQHandler                          0x08000243   Thumb Code     0  startup_stm32f407xx.o(.text)
    TIM4_IRQHandler                          0x08000243   Thumb Code     0  startup_stm32f407xx.o(.text)
    TIM5_IRQHandler                          0x08000243   Thumb Code     0  startup_stm32f407xx.o(.text)
    TIM6_DAC_IRQHandler                      0x08000243   Thumb Code     0  startup_stm32f407xx.o(.text)
    TIM7_IRQHandler                          0x08000243   Thumb Code     0  startup_stm32f407xx.o(.text)
    TIM8_BRK_TIM12_IRQHandler                0x08000243   Thumb Code     0  startup_stm32f407xx.o(.text)
    TIM8_CC_IRQHandler                       0x08000243   Thumb Code     0  startup_stm32f407xx.o(.text)
    TIM8_TRG_COM_TIM14_IRQHandler            0x08000243   Thumb Code     0  startup_stm32f407xx.o(.text)
    TIM8_UP_TIM13_IRQHandler                 0x08000243   Thumb Code     0  startup_stm32f407xx.o(.text)
    UART4_IRQHandler                         0x08000243   Thumb Code     0  startup_stm32f407xx.o(.text)
    UART5_IRQHandler                         0x08000243   Thumb Code     0  startup_stm32f407xx.o(.text)
    USART1_IRQHandler                        0x08000243   Thumb Code     0  startup_stm32f407xx.o(.text)
    USART2_IRQHandler                        0x08000243   Thumb Code     0  startup_stm32f407xx.o(.text)
    USART3_IRQHandler                        0x08000243   Thumb Code     0  startup_stm32f407xx.o(.text)
    USART6_IRQHandler                        0x08000243   Thumb Code     0  startup_stm32f407xx.o(.text)
    WWDG_IRQHandler                          0x08000243   Thumb Code     0  startup_stm32f407xx.o(.text)
    __user_initial_stackheap                 0x08000245   Thumb Code     0  startup_stm32f407xx.o(.text)
    __aeabi_uldivmod                         0x08000269   Thumb Code     0  lludivv7m.o(.text)
    _ll_udiv                                 0x08000269   Thumb Code   238  lludivv7m.o(.text)
    __aeabi_memclr4                          0x08000357   Thumb Code     0  rt_memclr_w.o(.text)
    __aeabi_memclr8                          0x08000357   Thumb Code     0  rt_memclr_w.o(.text)
    __rt_memclr_w                            0x08000357   Thumb Code    78  rt_memclr_w.o(.text)
    _memset_w                                0x0800035b   Thumb Code     0  rt_memclr_w.o(.text)
    __use_two_region_memory                  0x080003a5   Thumb Code     2  heapauxi.o(.text)
    __rt_heap_escrow$2region                 0x080003a7   Thumb Code     2  heapauxi.o(.text)
    __rt_heap_expand$2region                 0x080003a9   Thumb Code     2  heapauxi.o(.text)
    __read_errno                             0x080003ab   Thumb Code    10  _rserrno.o(.text)
    __set_errno                              0x080003b5   Thumb Code    12  _rserrno.o(.text)
    __aeabi_errno_addr                       0x080003c1   Thumb Code     8  rt_errno_addr_intlibspace.o(.text)
    __errno$intlibspace                      0x080003c1   Thumb Code     0  rt_errno_addr_intlibspace.o(.text)
    __rt_errno_addr$intlibspace              0x080003c1   Thumb Code     0  rt_errno_addr_intlibspace.o(.text)
    __user_libspace                          0x080003c9   Thumb Code     8  libspace.o(.text)
    __user_perproc_libspace                  0x080003c9   Thumb Code     0  libspace.o(.text)
    __user_perthread_libspace                0x080003c9   Thumb Code     0  libspace.o(.text)
    __user_setup_stackheap                   0x080003d1   Thumb Code    74  sys_stackheap_outer.o(.text)
    exit                                     0x0800041b   Thumb Code    18  exit.o(.text)
    _sys_exit                                0x0800042d   Thumb Code     8  sys_exit.o(.text)
    __I$use$semihosting                      0x08000439   Thumb Code     0  use_no_semi.o(.text)
    __use_no_semihosting_swi                 0x08000439   Thumb Code     2  use_no_semi.o(.text)
    __semihosting_library_function           0x0800043b   Thumb Code     0  indicate_semi.o(.text)
    ANO_Send_FloatData                       0x080005f1   Thumb Code   228  ano.o(i.ANO_Send_FloatData)
    Angle_Calculate                          0x080006dd   Thumb Code   410  foc.o(i.Angle_Calculate)
    BusFault_Handler                         0x08000899   Thumb Code     2  stm32f4xx_it.o(i.BusFault_Handler)
    Clark                                    0x0800089d   Thumb Code    46  foc.o(i.Clark)
    DMA2_Stream0_IRQHandler                  0x080008d1   Thumb Code     6  stm32f4xx_it.o(i.DMA2_Stream0_IRQHandler)
    DMA2_Stream2_IRQHandler                  0x080008dd   Thumb Code     6  stm32f4xx_it.o(i.DMA2_Stream2_IRQHandler)
    DebugMon_Handler                         0x0800098d   Thumb Code     2  stm32f4xx_it.o(i.DebugMon_Handler)
    Error_Handler                            0x0800098f   Thumb Code     4  main.o(i.Error_Handler)
    FOC_Calculate                            0x08000995   Thumb Code   104  foc.o(i.FOC_Calculate)
    Foc_Init                                 0x08000a01   Thumb Code   164  foc.o(i.Foc_Init)
    HAL_ADC_ConfigChannel                    0x08000ab9   Thumb Code   316  stm32f4xx_hal_adc.o(i.HAL_ADC_ConfigChannel)
    HAL_ADC_ConvCpltCallback                 0x08000c05   Thumb Code     2  stm32f4xx_hal_adc.o(i.HAL_ADC_ConvCpltCallback)
    HAL_ADC_ConvHalfCpltCallback             0x08000c07   Thumb Code     2  stm32f4xx_hal_adc.o(i.HAL_ADC_ConvHalfCpltCallback)
    HAL_ADC_ErrorCallback                    0x08000c09   Thumb Code     2  stm32f4xx_hal_adc.o(i.HAL_ADC_ErrorCallback)
    HAL_ADC_Init                             0x08000c0b   Thumb Code    84  stm32f4xx_hal_adc.o(i.HAL_ADC_Init)
    HAL_ADC_MspInit                          0x08000c61   Thumb Code   132  adc.o(i.HAL_ADC_MspInit)
    HAL_ADC_Start_DMA                        0x08000cf9   Thumb Code   302  stm32f4xx_hal_adc.o(i.HAL_ADC_Start_DMA)
    HAL_DMA_IRQHandler                       0x08000e4d   Thumb Code   412  stm32f4xx_hal_dma.o(i.HAL_DMA_IRQHandler)
    HAL_DMA_Init                             0x08000fed   Thumb Code   206  stm32f4xx_hal_dma.o(i.HAL_DMA_Init)
    HAL_DMA_Start_IT                         0x080010c1   Thumb Code   110  stm32f4xx_hal_dma.o(i.HAL_DMA_Start_IT)
    HAL_GPIO_Init                            0x08001131   Thumb Code   450  stm32f4xx_hal_gpio.o(i.HAL_GPIO_Init)
    HAL_GetTick                              0x08001321   Thumb Code     6  stm32f4xx_hal.o(i.HAL_GetTick)
    HAL_IncTick                              0x0800132d   Thumb Code    12  stm32f4xx_hal.o(i.HAL_IncTick)
    HAL_Init                                 0x0800133d   Thumb Code    48  stm32f4xx_hal.o(i.HAL_Init)
    HAL_InitTick                             0x08001371   Thumb Code    54  stm32f4xx_hal.o(i.HAL_InitTick)
    HAL_MspInit                              0x080013b1   Thumb Code    42  stm32f4xx_hal_msp.o(i.HAL_MspInit)
    HAL_NVIC_EnableIRQ                       0x080013e1   Thumb Code    26  stm32f4xx_hal_cortex.o(i.HAL_NVIC_EnableIRQ)
    HAL_NVIC_SetPriority                     0x080013fd   Thumb Code    60  stm32f4xx_hal_cortex.o(i.HAL_NVIC_SetPriority)
    HAL_NVIC_SetPriorityGrouping             0x0800143d   Thumb Code    26  stm32f4xx_hal_cortex.o(i.HAL_NVIC_SetPriorityGrouping)
    HAL_RCC_ClockConfig                      0x08001461   Thumb Code   288  stm32f4xx_hal_rcc.o(i.HAL_RCC_ClockConfig)
    HAL_RCC_GetPCLK1Freq                     0x08001595   Thumb Code    20  stm32f4xx_hal_rcc.o(i.HAL_RCC_GetPCLK1Freq)
    HAL_RCC_GetPCLK2Freq                     0x080015b5   Thumb Code    20  stm32f4xx_hal_rcc.o(i.HAL_RCC_GetPCLK2Freq)
    HAL_RCC_GetSysClockFreq                  0x080015d5   Thumb Code    88  stm32f4xx_hal_rcc.o(i.HAL_RCC_GetSysClockFreq)
    HAL_RCC_OscConfig                        0x08001635   Thumb Code   856  stm32f4xx_hal_rcc.o(i.HAL_RCC_OscConfig)
    HAL_SYSTICK_Config                       0x080019a1   Thumb Code    40  stm32f4xx_hal_cortex.o(i.HAL_SYSTICK_Config)
    HAL_TIMEx_BreakCallback                  0x080019c9   Thumb Code     2  stm32f4xx_hal_tim_ex.o(i.HAL_TIMEx_BreakCallback)
    HAL_TIMEx_CommutCallback                 0x080019cb   Thumb Code     2  stm32f4xx_hal_tim_ex.o(i.HAL_TIMEx_CommutCallback)
    HAL_TIMEx_ConfigBreakDeadTime            0x080019cd   Thumb Code    84  stm32f4xx_hal_tim_ex.o(i.HAL_TIMEx_ConfigBreakDeadTime)
    HAL_TIMEx_MasterConfigSynchronization    0x08001a21   Thumb Code   116  stm32f4xx_hal_tim_ex.o(i.HAL_TIMEx_MasterConfigSynchronization)
    HAL_TIMEx_PWMN_Start                     0x08001ab1   Thumb Code   164  stm32f4xx_hal_tim_ex.o(i.HAL_TIMEx_PWMN_Start)
    HAL_TIM_Base_Init                        0x08001b71   Thumb Code    90  stm32f4xx_hal_tim.o(i.HAL_TIM_Base_Init)
    HAL_TIM_Base_MspInit                     0x08001bcd   Thumb Code    50  tim.o(i.HAL_TIM_Base_MspInit)
    HAL_TIM_Base_Start_IT                    0x08001c09   Thumb Code   100  stm32f4xx_hal_tim.o(i.HAL_TIM_Base_Start_IT)
    HAL_TIM_ConfigClockSource                0x08001c89   Thumb Code   220  stm32f4xx_hal_tim.o(i.HAL_TIM_ConfigClockSource)
    HAL_TIM_IC_CaptureCallback               0x08001d65   Thumb Code     2  stm32f4xx_hal_tim.o(i.HAL_TIM_IC_CaptureCallback)
    HAL_TIM_IRQHandler                       0x08001d67   Thumb Code   358  stm32f4xx_hal_tim.o(i.HAL_TIM_IRQHandler)
    HAL_TIM_MspPostInit                      0x08001ecd   Thumb Code    72  tim.o(i.HAL_TIM_MspPostInit)
    HAL_TIM_OC_DelayElapsedCallback          0x08001f21   Thumb Code     2  stm32f4xx_hal_tim.o(i.HAL_TIM_OC_DelayElapsedCallback)
    HAL_TIM_PWM_ConfigChannel                0x08001f23   Thumb Code   204  stm32f4xx_hal_tim.o(i.HAL_TIM_PWM_ConfigChannel)
    HAL_TIM_PWM_Init                         0x08001fef   Thumb Code    90  stm32f4xx_hal_tim.o(i.HAL_TIM_PWM_Init)
    HAL_TIM_PWM_MspInit                      0x08002049   Thumb Code     2  stm32f4xx_hal_tim.o(i.HAL_TIM_PWM_MspInit)
    HAL_TIM_PWM_PulseFinishedCallback        0x0800204b   Thumb Code     2  stm32f4xx_hal_tim.o(i.HAL_TIM_PWM_PulseFinishedCallback)
    HAL_TIM_PWM_Start                        0x0800204d   Thumb Code   172  stm32f4xx_hal_tim.o(i.HAL_TIM_PWM_Start)
    HAL_TIM_PeriodElapsedCallback            0x08002115   Thumb Code    26  foc.o(i.HAL_TIM_PeriodElapsedCallback)
    HAL_TIM_TriggerCallback                  0x08002139   Thumb Code     2  stm32f4xx_hal_tim.o(i.HAL_TIM_TriggerCallback)
    HAL_UART_Init                            0x0800213b   Thumb Code    98  stm32f4xx_hal_uart.o(i.HAL_UART_Init)
    HAL_UART_MspInit                         0x0800219d   Thumb Code   140  usart.o(i.HAL_UART_MspInit)
    HAL_UART_Transmit                        0x0800223d   Thumb Code   178  stm32f4xx_hal_uart.o(i.HAL_UART_Transmit)
    HardFault_Handler                        0x080022ef   Thumb Code     2  stm32f4xx_it.o(i.HardFault_Handler)
    MX_ADC1_Init                             0x080022f1   Thumb Code   110  adc.o(i.MX_ADC1_Init)
    MX_DMA_Init                              0x0800236d   Thumb Code    56  dma.o(i.MX_DMA_Init)
    MX_GPIO_Init                             0x080023a9   Thumb Code    54  gpio.o(i.MX_GPIO_Init)
    MX_TIM1_Init                             0x080023e5   Thumb Code   230  tim.o(i.MX_TIM1_Init)
    MX_USART1_UART_Init                      0x080024d5   Thumb Code    48  usart.o(i.MX_USART1_UART_Init)
    MemManage_Handler                        0x0800250d   Thumb Code     2  stm32f4xx_it.o(i.MemManage_Handler)
    Moto1_Svpwm_Duty_Set                     0x08002511   Thumb Code    72  svpwm.o(i.Moto1_Svpwm_Duty_Set)
    Motor_Start                              0x08002565   Thumb Code   114  foc.o(i.Motor_Start)
    NMI_Handler                              0x080025dd   Thumb Code     2  stm32f4xx_it.o(i.NMI_Handler)
    Orienter_Judge                           0x080025e1   Thumb Code    74  foc.o(i.Orienter_Judge)
    PID_Calculate                            0x08002631   Thumb Code   238  pid.o(i.PID_Calculate)
    PID_Init                                 0x08002731   Thumb Code    36  pid.o(i.PID_Init)
    Park                                     0x08002759   Thumb Code   296  foc.o(i.Park)
    PendSV_Handler                           0x0800288d   Thumb Code     2  stm32f4xx_it.o(i.PendSV_Handler)
    Read_Current                             0x08002891   Thumb Code    96  currentmeasure.o(i.Read_Current)
    RevPark                                  0x08002901   Thumb Code   282  foc.o(i.RevPark)
    SVC_Handler                              0x08002a25   Thumb Code     2  stm32f4xx_it.o(i.SVC_Handler)
    SVPWM_Calculate                          0x08002a27   Thumb Code    34  foc.o(i.SVPWM_Calculate)
    SectorsJudge                             0x08002a49   Thumb Code   120  svpwm.o(i.SectorsJudge)
    SlideFiltert                             0x08002ac9   Thumb Code    60  currentmeasure.o(i.SlideFiltert)
    SysTick_Handler                          0x08002b09   Thumb Code     4  stm32f4xx_it.o(i.SysTick_Handler)
    SystemClock_Config                       0x08002b0d   Thumb Code   142  main.o(i.SystemClock_Config)
    SystemInit                               0x08002ba5   Thumb Code    12  system_stm32f4xx.o(i.SystemInit)
    TIM1_UP_TIM10_IRQHandler                 0x08002bb5   Thumb Code     6  stm32f4xx_it.o(i.TIM1_UP_TIM10_IRQHandler)
    TIM_Base_SetConfig                       0x08002bc1   Thumb Code   156  stm32f4xx_hal_tim.o(i.TIM_Base_SetConfig)
    TIM_CCxChannelCmd                        0x08002c89   Thumb Code    26  stm32f4xx_hal_tim.o(i.TIM_CCxChannelCmd)
    TIM_ETR_SetConfig                        0x08002cbd   Thumb Code    20  stm32f4xx_hal_tim.o(i.TIM_ETR_SetConfig)
    TIM_OC2_SetConfig                        0x08002d41   Thumb Code    98  stm32f4xx_hal_tim.o(i.TIM_OC2_SetConfig)
    Time_Calculate                           0x08002ead   Thumb Code   740  svpwm.o(i.Time_Calculate)
    UsageFault_Handler                       0x08003325   Thumb Code     2  stm32f4xx_it.o(i.UsageFault_Handler)
    __ARM_fpclassify                         0x08003327   Thumb Code    48  fpclassify.o(i.__ARM_fpclassify)
    __ARM_fpclassifyf                        0x08003357   Thumb Code    38  fpclassifyf.o(i.__ARM_fpclassifyf)
    __hardfp_acos                            0x080033a1   Thumb Code   738  acos.o(i.__hardfp_acos)
    __hardfp_cos                             0x080036f9   Thumb Code   180  cos.o(i.__hardfp_cos)
    __hardfp_powf                            0x080037c1   Thumb Code  1606  powf.o(i.__hardfp_powf)
    __mathlib_powf                           0x080037c1   Thumb Code     0  powf.o(i.__hardfp_powf)
    __hardfp_sin                             0x08003e29   Thumb Code   180  sin.o(i.__hardfp_sin)
    __hardfp_sqrt                            0x08003ef1   Thumb Code   122  sqrt.o(i.__hardfp_sqrt)
    __ieee754_rem_pio2                       0x08003f71   Thumb Code   938  rred.o(i.__ieee754_rem_pio2)
    __kernel_cos                             0x080043a9   Thumb Code   322  cos_i.o(i.__kernel_cos)
    __kernel_poly                            0x08004519   Thumb Code   248  poly.o(i.__kernel_poly)
    __kernel_sin                             0x08004611   Thumb Code   280  sin_i.o(i.__kernel_sin)
    __mathlib_dbl_infnan                     0x08004741   Thumb Code    20  dunder.o(i.__mathlib_dbl_infnan)
    __mathlib_dbl_invalid                    0x08004759   Thumb Code    24  dunder.o(i.__mathlib_dbl_invalid)
    __mathlib_dbl_underflow                  0x08004779   Thumb Code    24  dunder.o(i.__mathlib_dbl_underflow)
    __mathlib_flt_divzero                    0x08004799   Thumb Code    14  funder.o(i.__mathlib_flt_divzero)
    __mathlib_flt_infnan2                    0x080047ad   Thumb Code     6  funder.o(i.__mathlib_flt_infnan2)
    __mathlib_flt_invalid                    0x080047b5   Thumb Code    10  funder.o(i.__mathlib_flt_invalid)
    __mathlib_flt_overflow                   0x080047c5   Thumb Code    10  funder.o(i.__mathlib_flt_overflow)
    __mathlib_flt_underflow                  0x080047d5   Thumb Code    10  funder.o(i.__mathlib_flt_underflow)
    fabs                                     0x080047e5   Thumb Code    24  fabs.o(i.fabs)
    main                                     0x080047fd   Thumb Code    66  main.o(i.main)
    sqrt                                     0x0800484d   Thumb Code   110  sqrt.o(i.sqrt)
    __aeabi_dneg                             0x080048bb   Thumb Code     0  basic.o(x$fpl$basic)
    _dneg                                    0x080048bb   Thumb Code     6  basic.o(x$fpl$basic)
    __aeabi_fneg                             0x080048c1   Thumb Code     0  basic.o(x$fpl$basic)
    _fneg                                    0x080048c1   Thumb Code     6  basic.o(x$fpl$basic)
    _dabs                                    0x080048c7   Thumb Code     6  basic.o(x$fpl$basic)
    _fabs                                    0x080048cd   Thumb Code     6  basic.o(x$fpl$basic)
    __aeabi_d2f                              0x080048d5   Thumb Code     0  d2f.o(x$fpl$d2f)
    _d2f                                     0x080048d5   Thumb Code    98  d2f.o(x$fpl$d2f)
    __aeabi_dadd                             0x08004939   Thumb Code     0  daddsub_clz.o(x$fpl$dadd)
    _dadd                                    0x08004939   Thumb Code   332  daddsub_clz.o(x$fpl$dadd)
    __aeabi_ddiv                             0x08004a89   Thumb Code     0  ddiv.o(x$fpl$ddiv)
    _ddiv                                    0x08004a89   Thumb Code   552  ddiv.o(x$fpl$ddiv)
    __aeabi_d2iz                             0x08004d39   Thumb Code     0  dfix.o(x$fpl$dfix)
    _dfix                                    0x08004d39   Thumb Code    94  dfix.o(x$fpl$dfix)
    __aeabi_i2d                              0x08004d97   Thumb Code     0  dflt_clz.o(x$fpl$dflt)
    _dflt                                    0x08004d97   Thumb Code    46  dflt_clz.o(x$fpl$dflt)
    __aeabi_ui2d                             0x08004dc5   Thumb Code     0  dflt_clz.o(x$fpl$dfltu)
    _dfltu                                   0x08004dc5   Thumb Code    38  dflt_clz.o(x$fpl$dfltu)
    __aeabi_dmul                             0x08004ded   Thumb Code     0  dmul.o(x$fpl$dmul)
    _dmul                                    0x08004ded   Thumb Code   332  dmul.o(x$fpl$dmul)
    __fpl_dnaninf                            0x08004f41   Thumb Code   156  dnaninf.o(x$fpl$dnaninf)
    __fpl_dretinf                            0x08004fdd   Thumb Code    12  dretinf.o(x$fpl$dretinf)
    __aeabi_drsub                            0x08004fe9   Thumb Code     0  daddsub_clz.o(x$fpl$drsb)
    _drsb                                    0x08004fe9   Thumb Code    22  daddsub_clz.o(x$fpl$drsb)
    _dsqrt                                   0x08005001   Thumb Code   404  dsqrt_umaal.o(x$fpl$dsqrt)
    __aeabi_dsub                             0x08005199   Thumb Code     0  daddsub_clz.o(x$fpl$dsub)
    _dsub                                    0x08005199   Thumb Code   464  daddsub_clz.o(x$fpl$dsub)
    __aeabi_f2d                              0x0800536d   Thumb Code     0  f2d.o(x$fpl$f2d)
    _f2d                                     0x0800536d   Thumb Code    86  f2d.o(x$fpl$f2d)
    __fpl_fnaninf                            0x080053c3   Thumb Code   140  fnaninf.o(x$fpl$fnaninf)
    _fp_init                                 0x0800544f   Thumb Code    10  fpinit.o(x$fpl$fpinit)
    __fplib_config_fpu_vfp                   0x08005457   Thumb Code     0  fpinit.o(x$fpl$fpinit)
    __fplib_config_pureend_doubles           0x08005457   Thumb Code     0  fpinit.o(x$fpl$fpinit)
    __fpl_fretinf                            0x08005459   Thumb Code    10  fretinf.o(x$fpl$fretinf)
    __I$use$fp                               0x08005462   Number         0  usenofp.o(x$fpl$usenofp)
    AHBPrescTable                            0x0800546a   Data          16  system_stm32f4xx.o(.constdata)
    APBPrescTable                            0x0800547a   Data           8  system_stm32f4xx.o(.constdata)
    Region$$Table$$Base                      0x08005738   Number         0  anon$$obj.o(Region$$Table)
    Region$$Table$$Limit                     0x08005758   Number         0  anon$$obj.o(Region$$Table)
    AddTestAngle                             0x2000000c   Data           4  foc.o(.data)
    ADC_DMA_DATA                             0x20000014   Data           8  main.o(.data)
    uwTickFreq                               0x2000001c   Data           1  stm32f4xx_hal.o(.data)
    uwTickPrio                               0x20000020   Data           4  stm32f4xx_hal.o(.data)
    uwTick                                   0x20000024   Data           4  stm32f4xx_hal.o(.data)
    SystemCoreClock                          0x20000028   Data           4  system_stm32f4xx.o(.data)
    send_bufs                                0x2000002c   Data          35  ano.o(.bss)
    Foc_struct_t                             0x20000104   Data         240  main.o(.bss)
    hadc1                                    0x200001f4   Data          72  adc.o(.bss)
    hdma_adc1                                0x2000023c   Data          96  adc.o(.bss)
    htim1                                    0x2000029c   Data          72  tim.o(.bss)
    huart1                                   0x200002e4   Data          68  usart.o(.bss)
    hdma_usart1_rx                           0x20000328   Data          96  usart.o(.bss)
    __libspace_start                         0x20000388   Data          96  libspace.o(.bss)
    __temporary_stack_top$libspace           0x200003e8   Data           0  libspace.o(.bss)



==============================================================================

Memory Map of the image

  Image Entry point : 0x08000189

  Load Region LR_IROM1 (Base: 0x08000000, Size: 0x00005784, Max: 0x00100000, ABSOLUTE)

    Execution Region ER_IROM1 (Exec base: 0x08000000, Load base: 0x08000000, Size: 0x00005758, Max: 0x00100000, ABSOLUTE)

    Exec Addr    Load Addr    Size         Type   Attr      Idx    E Section Name        Object

    0x08000000   0x08000000   0x00000188   Data   RO            3    RESET               startup_stm32f407xx.o
    0x08000188   0x08000188   0x00000008   Code   RO         3608  * !!!main             c_w.l(__main.o)
    0x08000190   0x08000190   0x00000034   Code   RO         3947    !!!scatter          c_w.l(__scatter.o)
    0x080001c4   0x080001c4   0x0000001a   Code   RO         3949    !!handler_copy      c_w.l(__scatter_copy.o)
    0x080001de   0x080001de   0x00000002   PAD
    0x080001e0   0x080001e0   0x0000001c   Code   RO         3951    !!handler_zi        c_w.l(__scatter_zi.o)
    0x080001fc   0x080001fc   0x00000002   Code   RO         3818    .ARM.Collect$$libinit$$00000000  c_w.l(libinit.o)
    0x080001fe   0x080001fe   0x00000004   Code   RO         3827    .ARM.Collect$$libinit$$00000001  c_w.l(libinit2.o)
    0x08000202   0x08000202   0x00000000   Code   RO         3830    .ARM.Collect$$libinit$$00000004  c_w.l(libinit2.o)
    0x08000202   0x08000202   0x00000000   Code   RO         3833    .ARM.Collect$$libinit$$0000000A  c_w.l(libinit2.o)
    0x08000202   0x08000202   0x00000000   Code   RO         3835    .ARM.Collect$$libinit$$0000000C  c_w.l(libinit2.o)
    0x08000202   0x08000202   0x00000000   Code   RO         3837    .ARM.Collect$$libinit$$0000000E  c_w.l(libinit2.o)
    0x08000202   0x08000202   0x00000000   Code   RO         3840    .ARM.Collect$$libinit$$00000011  c_w.l(libinit2.o)
    0x08000202   0x08000202   0x00000000   Code   RO         3842    .ARM.Collect$$libinit$$00000013  c_w.l(libinit2.o)
    0x08000202   0x08000202   0x00000000   Code   RO         3844    .ARM.Collect$$libinit$$00000015  c_w.l(libinit2.o)
    0x08000202   0x08000202   0x00000000   Code   RO         3846    .ARM.Collect$$libinit$$00000017  c_w.l(libinit2.o)
    0x08000202   0x08000202   0x00000000   Code   RO         3848    .ARM.Collect$$libinit$$00000019  c_w.l(libinit2.o)
    0x08000202   0x08000202   0x00000000   Code   RO         3850    .ARM.Collect$$libinit$$0000001B  c_w.l(libinit2.o)
    0x08000202   0x08000202   0x00000000   Code   RO         3852    .ARM.Collect$$libinit$$0000001D  c_w.l(libinit2.o)
    0x08000202   0x08000202   0x00000000   Code   RO         3854    .ARM.Collect$$libinit$$0000001F  c_w.l(libinit2.o)
    0x08000202   0x08000202   0x00000000   Code   RO         3856    .ARM.Collect$$libinit$$00000021  c_w.l(libinit2.o)
    0x08000202   0x08000202   0x00000000   Code   RO         3858    .ARM.Collect$$libinit$$00000023  c_w.l(libinit2.o)
    0x08000202   0x08000202   0x00000000   Code   RO         3860    .ARM.Collect$$libinit$$00000025  c_w.l(libinit2.o)
    0x08000202   0x08000202   0x00000000   Code   RO         3864    .ARM.Collect$$libinit$$0000002C  c_w.l(libinit2.o)
    0x08000202   0x08000202   0x00000000   Code   RO         3866    .ARM.Collect$$libinit$$0000002E  c_w.l(libinit2.o)
    0x08000202   0x08000202   0x00000000   Code   RO         3868    .ARM.Collect$$libinit$$00000030  c_w.l(libinit2.o)
    0x08000202   0x08000202   0x00000000   Code   RO         3870    .ARM.Collect$$libinit$$00000032  c_w.l(libinit2.o)
    0x08000202   0x08000202   0x00000002   Code   RO         3871    .ARM.Collect$$libinit$$00000033  c_w.l(libinit2.o)
    0x08000204   0x08000204   0x00000002   Code   RO         3902    .ARM.Collect$$libshutdown$$00000000  c_w.l(libshutdown.o)
    0x08000206   0x08000206   0x00000000   Code   RO         3928    .ARM.Collect$$libshutdown$$00000002  c_w.l(libshutdown2.o)
    0x08000206   0x08000206   0x00000000   Code   RO         3930    .ARM.Collect$$libshutdown$$00000004  c_w.l(libshutdown2.o)
    0x08000206   0x08000206   0x00000000   Code   RO         3932    .ARM.Collect$$libshutdown$$00000006  c_w.l(libshutdown2.o)
    0x08000206   0x08000206   0x00000000   Code   RO         3935    .ARM.Collect$$libshutdown$$00000009  c_w.l(libshutdown2.o)
    0x08000206   0x08000206   0x00000000   Code   RO         3938    .ARM.Collect$$libshutdown$$0000000C  c_w.l(libshutdown2.o)
    0x08000206   0x08000206   0x00000000   Code   RO         3940    .ARM.Collect$$libshutdown$$0000000E  c_w.l(libshutdown2.o)
    0x08000206   0x08000206   0x00000000   Code   RO         3943    .ARM.Collect$$libshutdown$$00000011  c_w.l(libshutdown2.o)
    0x08000206   0x08000206   0x00000002   Code   RO         3944    .ARM.Collect$$libshutdown$$00000012  c_w.l(libshutdown2.o)
    0x08000208   0x08000208   0x00000000   Code   RO         3690    .ARM.Collect$$rtentry$$00000000  c_w.l(__rtentry.o)
    0x08000208   0x08000208   0x00000000   Code   RO         3761    .ARM.Collect$$rtentry$$00000002  c_w.l(__rtentry2.o)
    0x08000208   0x08000208   0x00000006   Code   RO         3773    .ARM.Collect$$rtentry$$00000004  c_w.l(__rtentry4.o)
    0x0800020e   0x0800020e   0x00000000   Code   RO         3763    .ARM.Collect$$rtentry$$00000009  c_w.l(__rtentry2.o)
    0x0800020e   0x0800020e   0x00000004   Code   RO         3764    .ARM.Collect$$rtentry$$0000000A  c_w.l(__rtentry2.o)
    0x08000212   0x08000212   0x00000000   Code   RO         3766    .ARM.Collect$$rtentry$$0000000C  c_w.l(__rtentry2.o)
    0x08000212   0x08000212   0x00000008   Code   RO         3767    .ARM.Collect$$rtentry$$0000000D  c_w.l(__rtentry2.o)
    0x0800021a   0x0800021a   0x00000002   Code   RO         3819    .ARM.Collect$$rtexit$$00000000  c_w.l(rtexit.o)
    0x0800021c   0x0800021c   0x00000000   Code   RO         3875    .ARM.Collect$$rtexit$$00000002  c_w.l(rtexit2.o)
    0x0800021c   0x0800021c   0x00000004   Code   RO         3876    .ARM.Collect$$rtexit$$00000003  c_w.l(rtexit2.o)
    0x08000220   0x08000220   0x00000006   Code   RO         3877    .ARM.Collect$$rtexit$$00000004  c_w.l(rtexit2.o)
    0x08000226   0x08000226   0x00000002   PAD
    0x08000228   0x08000228   0x00000040   Code   RO            4    .text               startup_stm32f407xx.o
    0x08000268   0x08000268   0x000000ee   Code   RO         3602    .text               c_w.l(lludivv7m.o)
    0x08000356   0x08000356   0x0000004e   Code   RO         3604    .text               c_w.l(rt_memclr_w.o)
    0x080003a4   0x080003a4   0x00000006   Code   RO         3606    .text               c_w.l(heapauxi.o)
    0x080003aa   0x080003aa   0x00000016   Code   RO         3695    .text               c_w.l(_rserrno.o)
    0x080003c0   0x080003c0   0x00000008   Code   RO         3780    .text               c_w.l(rt_errno_addr_intlibspace.o)
    0x080003c8   0x080003c8   0x00000008   Code   RO         3802    .text               c_w.l(libspace.o)
    0x080003d0   0x080003d0   0x0000004a   Code   RO         3805    .text               c_w.l(sys_stackheap_outer.o)
    0x0800041a   0x0800041a   0x00000012   Code   RO         3807    .text               c_w.l(exit.o)
    0x0800042c   0x0800042c   0x0000000c   Code   RO         3872    .text               c_w.l(sys_exit.o)
    0x08000438   0x08000438   0x00000002   Code   RO         3891    .text               c_w.l(use_no_semi.o)
    0x0800043a   0x0800043a   0x00000000   Code   RO         3893    .text               c_w.l(indicate_semi.o)
    0x0800043a   0x0800043a   0x0000006e   Code   RO          825    i.ADC_DMAConvCplt   stm32f4xx_hal_adc.o
    0x080004a8   0x080004a8   0x00000016   Code   RO          826    i.ADC_DMAError      stm32f4xx_hal_adc.o
    0x080004be   0x080004be   0x0000000a   Code   RO          827    i.ADC_DMAHalfConvCplt  stm32f4xx_hal_adc.o
    0x080004c8   0x080004c8   0x00000128   Code   RO          828    i.ADC_Init          stm32f4xx_hal_adc.o
    0x080005f0   0x080005f0   0x000000ec   Code   RO           13    i.ANO_Send_FloatData  ano.o
    0x080006dc   0x080006dc   0x000001bc   Code   RO          294    i.Angle_Calculate   foc.o
    0x08000898   0x08000898   0x00000002   Code   RO          707    i.BusFault_Handler  stm32f4xx_it.o
    0x0800089a   0x0800089a   0x00000002   PAD
    0x0800089c   0x0800089c   0x00000034   Code   RO          295    i.Clark             foc.o
    0x080008d0   0x080008d0   0x0000000c   Code   RO          708    i.DMA2_Stream0_IRQHandler  stm32f4xx_it.o
    0x080008dc   0x080008dc   0x0000000c   Code   RO          709    i.DMA2_Stream2_IRQHandler  stm32f4xx_it.o
    0x080008e8   0x080008e8   0x00000028   Code   RO         1562    i.DMA_CalcBaseAndBitshift  stm32f4xx_hal_dma.o
    0x08000910   0x08000910   0x00000054   Code   RO         1563    i.DMA_CheckFifoParam  stm32f4xx_hal_dma.o
    0x08000964   0x08000964   0x00000028   Code   RO         1564    i.DMA_SetConfig     stm32f4xx_hal_dma.o
    0x0800098c   0x0800098c   0x00000002   Code   RO          710    i.DebugMon_Handler  stm32f4xx_it.o
    0x0800098e   0x0800098e   0x00000004   Code   RO          479    i.Error_Handler     main.o
    0x08000992   0x08000992   0x00000002   PAD
    0x08000994   0x08000994   0x0000006c   Code   RO          296    i.FOC_Calculate     foc.o
    0x08000a00   0x08000a00   0x000000b8   Code   RO          297    i.Foc_Init          foc.o
    0x08000ab8   0x08000ab8   0x0000014c   Code   RO          830    i.HAL_ADC_ConfigChannel  stm32f4xx_hal_adc.o
    0x08000c04   0x08000c04   0x00000002   Code   RO          831    i.HAL_ADC_ConvCpltCallback  stm32f4xx_hal_adc.o
    0x08000c06   0x08000c06   0x00000002   Code   RO          832    i.HAL_ADC_ConvHalfCpltCallback  stm32f4xx_hal_adc.o
    0x08000c08   0x08000c08   0x00000002   Code   RO          834    i.HAL_ADC_ErrorCallback  stm32f4xx_hal_adc.o
    0x08000c0a   0x08000c0a   0x00000054   Code   RO          839    i.HAL_ADC_Init      stm32f4xx_hal_adc.o
    0x08000c5e   0x08000c5e   0x00000002   PAD
    0x08000c60   0x08000c60   0x00000098   Code   RO          552    i.HAL_ADC_MspInit   adc.o
    0x08000cf8   0x08000cf8   0x00000154   Code   RO          846    i.HAL_ADC_Start_DMA  stm32f4xx_hal_adc.o
    0x08000e4c   0x08000e4c   0x000001a0   Code   RO         1570    i.HAL_DMA_IRQHandler  stm32f4xx_hal_dma.o
    0x08000fec   0x08000fec   0x000000d4   Code   RO         1571    i.HAL_DMA_Init      stm32f4xx_hal_dma.o
    0x080010c0   0x080010c0   0x0000006e   Code   RO         1575    i.HAL_DMA_Start_IT  stm32f4xx_hal_dma.o
    0x0800112e   0x0800112e   0x00000002   PAD
    0x08001130   0x08001130   0x000001f0   Code   RO         1458    i.HAL_GPIO_Init     stm32f4xx_hal_gpio.o
    0x08001320   0x08001320   0x0000000c   Code   RO         1990    i.HAL_GetTick       stm32f4xx_hal.o
    0x0800132c   0x0800132c   0x00000010   Code   RO         1996    i.HAL_IncTick       stm32f4xx_hal.o
    0x0800133c   0x0800133c   0x00000034   Code   RO         1997    i.HAL_Init          stm32f4xx_hal.o
    0x08001370   0x08001370   0x00000040   Code   RO         1998    i.HAL_InitTick      stm32f4xx_hal.o
    0x080013b0   0x080013b0   0x00000030   Code   RO          801    i.HAL_MspInit       stm32f4xx_hal_msp.o
    0x080013e0   0x080013e0   0x0000001a   Code   RO         1847    i.HAL_NVIC_EnableIRQ  stm32f4xx_hal_cortex.o
    0x080013fa   0x080013fa   0x00000002   PAD
    0x080013fc   0x080013fc   0x00000040   Code   RO         1853    i.HAL_NVIC_SetPriority  stm32f4xx_hal_cortex.o
    0x0800143c   0x0800143c   0x00000024   Code   RO         1854    i.HAL_NVIC_SetPriorityGrouping  stm32f4xx_hal_cortex.o
    0x08001460   0x08001460   0x00000134   Code   RO         1104    i.HAL_RCC_ClockConfig  stm32f4xx_hal_rcc.o
    0x08001594   0x08001594   0x00000020   Code   RO         1111    i.HAL_RCC_GetPCLK1Freq  stm32f4xx_hal_rcc.o
    0x080015b4   0x080015b4   0x00000020   Code   RO         1112    i.HAL_RCC_GetPCLK2Freq  stm32f4xx_hal_rcc.o
    0x080015d4   0x080015d4   0x00000060   Code   RO         1113    i.HAL_RCC_GetSysClockFreq  stm32f4xx_hal_rcc.o
    0x08001634   0x08001634   0x0000036c   Code   RO         1116    i.HAL_RCC_OscConfig  stm32f4xx_hal_rcc.o
    0x080019a0   0x080019a0   0x00000028   Code   RO         1858    i.HAL_SYSTICK_Config  stm32f4xx_hal_cortex.o
    0x080019c8   0x080019c8   0x00000002   Code   RO         2941    i.HAL_TIMEx_BreakCallback  stm32f4xx_hal_tim_ex.o
    0x080019ca   0x080019ca   0x00000002   Code   RO         2942    i.HAL_TIMEx_CommutCallback  stm32f4xx_hal_tim_ex.o
    0x080019cc   0x080019cc   0x00000054   Code   RO         2944    i.HAL_TIMEx_ConfigBreakDeadTime  stm32f4xx_hal_tim_ex.o
    0x08001a20   0x08001a20   0x00000090   Code   RO         2960    i.HAL_TIMEx_MasterConfigSynchronization  stm32f4xx_hal_tim_ex.o
    0x08001ab0   0x08001ab0   0x000000c0   Code   RO         2971    i.HAL_TIMEx_PWMN_Start  stm32f4xx_hal_tim_ex.o
    0x08001b70   0x08001b70   0x0000005a   Code   RO         2237    i.HAL_TIM_Base_Init  stm32f4xx_hal_tim.o
    0x08001bca   0x08001bca   0x00000002   PAD
    0x08001bcc   0x08001bcc   0x0000003c   Code   RO          618    i.HAL_TIM_Base_MspInit  tim.o
    0x08001c08   0x08001c08   0x00000080   Code   RO         2242    i.HAL_TIM_Base_Start_IT  stm32f4xx_hal_tim.o
    0x08001c88   0x08001c88   0x000000dc   Code   RO         2246    i.HAL_TIM_ConfigClockSource  stm32f4xx_hal_tim.o
    0x08001d64   0x08001d64   0x00000002   Code   RO         2271    i.HAL_TIM_IC_CaptureCallback  stm32f4xx_hal_tim.o
    0x08001d66   0x08001d66   0x00000166   Code   RO         2285    i.HAL_TIM_IRQHandler  stm32f4xx_hal_tim.o
    0x08001ecc   0x08001ecc   0x00000054   Code   RO          619    i.HAL_TIM_MspPostInit  tim.o
    0x08001f20   0x08001f20   0x00000002   Code   RO         2288    i.HAL_TIM_OC_DelayElapsedCallback  stm32f4xx_hal_tim.o
    0x08001f22   0x08001f22   0x000000cc   Code   RO         2309    i.HAL_TIM_PWM_ConfigChannel  stm32f4xx_hal_tim.o
    0x08001fee   0x08001fee   0x0000005a   Code   RO         2312    i.HAL_TIM_PWM_Init  stm32f4xx_hal_tim.o
    0x08002048   0x08002048   0x00000002   Code   RO         2314    i.HAL_TIM_PWM_MspInit  stm32f4xx_hal_tim.o
    0x0800204a   0x0800204a   0x00000002   Code   RO         2315    i.HAL_TIM_PWM_PulseFinishedCallback  stm32f4xx_hal_tim.o
    0x0800204c   0x0800204c   0x000000c8   Code   RO         2317    i.HAL_TIM_PWM_Start  stm32f4xx_hal_tim.o
    0x08002114   0x08002114   0x00000024   Code   RO          298    i.HAL_TIM_PeriodElapsedCallback  foc.o
    0x08002138   0x08002138   0x00000002   Code   RO         2328    i.HAL_TIM_TriggerCallback  stm32f4xx_hal_tim.o
    0x0800213a   0x0800213a   0x00000062   Code   RO         3237    i.HAL_UART_Init     stm32f4xx_hal_uart.o
    0x0800219c   0x0800219c   0x000000a0   Code   RO          666    i.HAL_UART_MspInit  usart.o
    0x0800223c   0x0800223c   0x000000b2   Code   RO         3245    i.HAL_UART_Transmit  stm32f4xx_hal_uart.o
    0x080022ee   0x080022ee   0x00000002   Code   RO          711    i.HardFault_Handler  stm32f4xx_it.o
    0x080022f0   0x080022f0   0x0000007c   Code   RO          553    i.MX_ADC1_Init      adc.o
    0x0800236c   0x0800236c   0x0000003c   Code   RO          593    i.MX_DMA_Init       dma.o
    0x080023a8   0x080023a8   0x0000003c   Code   RO          527    i.MX_GPIO_Init      gpio.o
    0x080023e4   0x080023e4   0x000000f0   Code   RO          620    i.MX_TIM1_Init      tim.o
    0x080024d4   0x080024d4   0x00000038   Code   RO          667    i.MX_USART1_UART_Init  usart.o
    0x0800250c   0x0800250c   0x00000002   Code   RO          712    i.MemManage_Handler  stm32f4xx_it.o
    0x0800250e   0x0800250e   0x00000002   PAD
    0x08002510   0x08002510   0x00000054   Code   RO          443    i.Moto1_Svpwm_Duty_Set  svpwm.o
    0x08002564   0x08002564   0x00000078   Code   RO          299    i.Motor_Start       foc.o
    0x080025dc   0x080025dc   0x00000002   Code   RO          713    i.NMI_Handler       stm32f4xx_it.o
    0x080025de   0x080025de   0x00000002   PAD
    0x080025e0   0x080025e0   0x00000050   Code   RO          301    i.Orienter_Judge    foc.o
    0x08002630   0x08002630   0x00000100   Code   RO          406    i.PID_Calculate     pid.o
    0x08002730   0x08002730   0x00000028   Code   RO          407    i.PID_Init          pid.o
    0x08002758   0x08002758   0x00000134   Code   RO          302    i.Park              foc.o
    0x0800288c   0x0800288c   0x00000002   Code   RO          714    i.PendSV_Handler    stm32f4xx_it.o
    0x0800288e   0x0800288e   0x00000002   PAD
    0x08002890   0x08002890   0x00000070   Code   RO          160    i.Read_Current      currentmeasure.o
    0x08002900   0x08002900   0x00000124   Code   RO          303    i.RevPark           foc.o
    0x08002a24   0x08002a24   0x00000002   Code   RO          715    i.SVC_Handler       stm32f4xx_it.o
    0x08002a26   0x08002a26   0x00000022   Code   RO          304    i.SVPWM_Calculate   foc.o
    0x08002a48   0x08002a48   0x00000080   Code   RO          444    i.SectorsJudge      svpwm.o
    0x08002ac8   0x08002ac8   0x00000040   Code   RO          161    i.SlideFiltert      currentmeasure.o
    0x08002b08   0x08002b08   0x00000004   Code   RO          716    i.SysTick_Handler   stm32f4xx_it.o
    0x08002b0c   0x08002b0c   0x00000098   Code   RO          480    i.SystemClock_Config  main.o
    0x08002ba4   0x08002ba4   0x00000010   Code   RO         3566    i.SystemInit        system_stm32f4xx.o
    0x08002bb4   0x08002bb4   0x0000000c   Code   RO          717    i.TIM1_UP_TIM10_IRQHandler  stm32f4xx_it.o
    0x08002bc0   0x08002bc0   0x000000c8   Code   RO         2330    i.TIM_Base_SetConfig  stm32f4xx_hal_tim.o
    0x08002c88   0x08002c88   0x0000001a   Code   RO         2331    i.TIM_CCxChannelCmd  stm32f4xx_hal_tim.o
    0x08002ca2   0x08002ca2   0x0000001a   Code   RO         2980    i.TIM_CCxNChannelCmd  stm32f4xx_hal_tim_ex.o
    0x08002cbc   0x08002cbc   0x00000014   Code   RO         2341    i.TIM_ETR_SetConfig  stm32f4xx_hal_tim.o
    0x08002cd0   0x08002cd0   0x00000010   Code   RO         2342    i.TIM_ITRx_SetConfig  stm32f4xx_hal_tim.o
    0x08002ce0   0x08002ce0   0x00000060   Code   RO         2343    i.TIM_OC1_SetConfig  stm32f4xx_hal_tim.o
    0x08002d40   0x08002d40   0x0000006c   Code   RO         2344    i.TIM_OC2_SetConfig  stm32f4xx_hal_tim.o
    0x08002dac   0x08002dac   0x00000068   Code   RO         2345    i.TIM_OC3_SetConfig  stm32f4xx_hal_tim.o
    0x08002e14   0x08002e14   0x00000050   Code   RO         2346    i.TIM_OC4_SetConfig  stm32f4xx_hal_tim.o
    0x08002e64   0x08002e64   0x00000022   Code   RO         2348    i.TIM_TI1_ConfigInputStage  stm32f4xx_hal_tim.o
    0x08002e86   0x08002e86   0x00000024   Code   RO         2350    i.TIM_TI2_ConfigInputStage  stm32f4xx_hal_tim.o
    0x08002eaa   0x08002eaa   0x00000002   PAD
    0x08002eac   0x08002eac   0x000002f4   Code   RO          445    i.Time_Calculate    svpwm.o
    0x080031a0   0x080031a0   0x0000010c   Code   RO         3263    i.UART_SetConfig    stm32f4xx_hal_uart.o
    0x080032ac   0x080032ac   0x00000078   Code   RO         3266    i.UART_WaitOnFlagUntilTimeout  stm32f4xx_hal_uart.o
    0x08003324   0x08003324   0x00000002   Code   RO          718    i.UsageFault_Handler  stm32f4xx_it.o
    0x08003326   0x08003326   0x00000030   Code   RO         3800    i.__ARM_fpclassify  m_wm.l(fpclassify.o)
    0x08003356   0x08003356   0x00000026   Code   RO         3731    i.__ARM_fpclassifyf  m_wm.l(fpclassifyf.o)
    0x0800337c   0x0800337c   0x00000020   Code   RO         1860    i.__NVIC_SetPriority  stm32f4xx_hal_cortex.o
    0x0800339c   0x0800339c   0x00000004   PAD
    0x080033a0   0x080033a0   0x00000358   Code   RO         3626    i.__hardfp_acos     m_wm.l(acos.o)
    0x080036f8   0x080036f8   0x000000c8   Code   RO         3640    i.__hardfp_cos      m_wm.l(cos.o)
    0x080037c0   0x080037c0   0x00000664   Code   RO         3652    i.__hardfp_powf     m_wm.l(powf.o)
    0x08003e24   0x08003e24   0x00000004   PAD
    0x08003e28   0x08003e28   0x000000c8   Code   RO         3666    i.__hardfp_sin      m_wm.l(sin.o)
    0x08003ef0   0x08003ef0   0x0000007a   Code   RO         3678    i.__hardfp_sqrt     m_wm.l(sqrt.o)
    0x08003f6a   0x08003f6a   0x00000006   PAD
    0x08003f70   0x08003f70   0x00000438   Code   RO         3749    i.__ieee754_rem_pio2  m_wm.l(rred.o)
    0x080043a8   0x080043a8   0x00000170   Code   RO         3714    i.__kernel_cos      m_wm.l(cos_i.o)
    0x08004518   0x08004518   0x000000f8   Code   RO         3747    i.__kernel_poly     m_wm.l(poly.o)
    0x08004610   0x08004610   0x00000130   Code   RO         3754    i.__kernel_sin      m_wm.l(sin_i.o)
    0x08004740   0x08004740   0x00000014   Code   RO         3718    i.__mathlib_dbl_infnan  m_wm.l(dunder.o)
    0x08004754   0x08004754   0x00000004   PAD
    0x08004758   0x08004758   0x00000020   Code   RO         3720    i.__mathlib_dbl_invalid  m_wm.l(dunder.o)
    0x08004778   0x08004778   0x00000020   Code   RO         3723    i.__mathlib_dbl_underflow  m_wm.l(dunder.o)
    0x08004798   0x08004798   0x00000014   Code   RO         3733    i.__mathlib_flt_divzero  m_wm.l(funder.o)
    0x080047ac   0x080047ac   0x00000006   Code   RO         3735    i.__mathlib_flt_infnan2  m_wm.l(funder.o)
    0x080047b2   0x080047b2   0x00000002   PAD
    0x080047b4   0x080047b4   0x00000010   Code   RO         3736    i.__mathlib_flt_invalid  m_wm.l(funder.o)
    0x080047c4   0x080047c4   0x00000010   Code   RO         3737    i.__mathlib_flt_overflow  m_wm.l(funder.o)
    0x080047d4   0x080047d4   0x00000010   Code   RO         3739    i.__mathlib_flt_underflow  m_wm.l(funder.o)
    0x080047e4   0x080047e4   0x00000018   Code   RO         3796    i.fabs              m_wm.l(fabs.o)
    0x080047fc   0x080047fc   0x00000050   Code   RO          481    i.main              main.o
    0x0800484c   0x0800484c   0x0000006e   Code   RO         3680    i.sqrt              m_wm.l(sqrt.o)
    0x080048ba   0x080048ba   0x00000018   Code   RO         3697    x$fpl$basic         fz_wm.l(basic.o)
    0x080048d2   0x080048d2   0x00000002   PAD
    0x080048d4   0x080048d4   0x00000062   Code   RO         3610    x$fpl$d2f           fz_wm.l(d2f.o)
    0x08004936   0x08004936   0x00000002   PAD
    0x08004938   0x08004938   0x00000150   Code   RO         3612    x$fpl$dadd          fz_wm.l(daddsub_clz.o)
    0x08004a88   0x08004a88   0x000002b0   Code   RO         3619    x$fpl$ddiv          fz_wm.l(ddiv.o)
    0x08004d38   0x08004d38   0x0000005e   Code   RO         3784    x$fpl$dfix          fz_wm.l(dfix.o)
    0x08004d96   0x08004d96   0x0000002e   Code   RO         3789    x$fpl$dflt          fz_wm.l(dflt_clz.o)
    0x08004dc4   0x08004dc4   0x00000026   Code   RO         3788    x$fpl$dfltu         fz_wm.l(dflt_clz.o)
    0x08004dea   0x08004dea   0x00000002   PAD
    0x08004dec   0x08004dec   0x00000154   Code   RO         3622    x$fpl$dmul          fz_wm.l(dmul.o)
    0x08004f40   0x08004f40   0x0000009c   Code   RO         3701    x$fpl$dnaninf       fz_wm.l(dnaninf.o)
    0x08004fdc   0x08004fdc   0x0000000c   Code   RO         3703    x$fpl$dretinf       fz_wm.l(dretinf.o)
    0x08004fe8   0x08004fe8   0x00000016   Code   RO         3613    x$fpl$drsb          fz_wm.l(daddsub_clz.o)
    0x08004ffe   0x08004ffe   0x00000002   PAD
    0x08005000   0x08005000   0x00000198   Code   RO         3705    x$fpl$dsqrt         fz_wm.l(dsqrt_umaal.o)
    0x08005198   0x08005198   0x000001d4   Code   RO         3614    x$fpl$dsub          fz_wm.l(daddsub_clz.o)
    0x0800536c   0x0800536c   0x00000056   Code   RO         3624    x$fpl$f2d           fz_wm.l(f2d.o)
    0x080053c2   0x080053c2   0x0000008c   Code   RO         3707    x$fpl$fnaninf       fz_wm.l(fnaninf.o)
    0x0800544e   0x0800544e   0x0000000a   Code   RO         3887    x$fpl$fpinit        fz_wm.l(fpinit.o)
    0x08005458   0x08005458   0x0000000a   Code   RO         3709    x$fpl$fretinf       fz_wm.l(fretinf.o)
    0x08005462   0x08005462   0x00000000   Code   RO         3713    x$fpl$usenofp       fz_wm.l(usenofp.o)
    0x08005462   0x08005462   0x00000008   Data   RO         1577    .constdata          stm32f4xx_hal_dma.o
    0x0800546a   0x0800546a   0x00000010   Data   RO         3567    .constdata          system_stm32f4xx.o
    0x0800547a   0x0800547a   0x00000008   Data   RO         3568    .constdata          system_stm32f4xx.o
    0x08005482   0x08005482   0x00000006   PAD
    0x08005488   0x08005488   0x00000050   Data   RO         3629    .constdata          m_wm.l(acos.o)
    0x080054d8   0x080054d8   0x00000140   Data   RO         3655    .constdata          m_wm.l(powf.o)
    0x08005618   0x08005618   0x00000030   Data   RO         3715    .constdata          m_wm.l(cos_i.o)
    0x08005648   0x08005648   0x000000c8   Data   RO         3751    .constdata          m_wm.l(rred.o)
    0x08005710   0x08005710   0x00000028   Data   RO         3755    .constdata          m_wm.l(sin_i.o)
    0x08005738   0x08005738   0x00000020   Data   RO         3945    Region$$Table       anon$$obj.o


    Execution Region RW_IRAM2 (Exec base: 0x10000000, Load base: 0x08005784, Size: 0x00000000, Max: 0x00010000, ABSOLUTE)

    **** No section assigned to this execution region ****


    Execution Region RW_IRAM1 (Exec base: 0x20000000, Load base: 0x08005758, Size: 0x000009e8, Max: 0x00020000, ABSOLUTE)

    Exec Addr    Load Addr    Size         Type   Attr      Idx    E Section Name        Object

    0x20000000   0x08005758   0x0000000c   Data   RW          164    .data               currentmeasure.o
    0x2000000c   0x08005764   0x00000008   Data   RW          305    .data               foc.o
    0x20000014   0x0800576c   0x00000008   Data   RW          484    .data               main.o
    0x2000001c   0x08005774   0x0000000c   Data   RW         2004    .data               stm32f4xx_hal.o
    0x20000028   0x08005780   0x00000004   Data   RW         3569    .data               system_stm32f4xx.o
    0x2000002c        -       0x00000023   Zero   RW           15    .bss                ano.o
    0x2000004f   0x08005784   0x00000001   PAD
    0x20000050        -       0x000000b4   Zero   RW          162    .bss                currentmeasure.o
    0x20000104        -       0x000000f0   Zero   RW          483    .bss                main.o
    0x200001f4        -       0x000000a8   Zero   RW          554    .bss                adc.o
    0x2000029c        -       0x00000048   Zero   RW          621    .bss                tim.o
    0x200002e4        -       0x000000a4   Zero   RW          668    .bss                usart.o
    0x20000388        -       0x00000060   Zero   RW         3803    .bss                c_w.l(libspace.o)
    0x200003e8        -       0x00000200   Zero   RW            2    HEAP                startup_stm32f407xx.o
    0x200005e8        -       0x00000400   Zero   RW            1    STACK               startup_stm32f407xx.o


==============================================================================

Image component sizes


      Code (inc. data)   RO Data    RW Data    ZI Data      Debug   Object Name

       276         34          0          0        168       1843   adc.o
       236          8          0          0         35       7398   ano.o
       176         20          0         12        180     703558   currentmeasure.o
        60          4          0          0          0        806   dma.o
      1658        108          0          8          0       7898   foc.o
        60          6          0          0          0        859   gpio.o
       236         24          0          8        240       2508   main.o
       296         22          0          0          0       2567   pid.o
        64         26        392          0       1536        856   startup_stm32f407xx.o
       144         24          0         12          0       8857   stm32f4xx_hal.o
      1200         66          0          0          0       7581   stm32f4xx_hal_adc.o
       198         14          0          0          0      34019   stm32f4xx_hal_cortex.o
       902         16          8          0          0       5887   stm32f4xx_hal_dma.o
       496         46          0          0          0       1556   stm32f4xx_hal_gpio.o
        48          6          0          0          0        878   stm32f4xx_hal_msp.o
      1344         72          0          0          0       5312   stm32f4xx_hal_rcc.o
      2020        136          0          0          0      17158   stm32f4xx_hal_tim.o
       450         56          0          0          0       4824   stm32f4xx_hal_tim_ex.o
       664         10          0          0          0       4236   stm32f4xx_hal_uart.o
        56         18          0          0          0       5749   stm32f4xx_it.o
       968         52          0          0          0       2691   svpwm.o
        16          4         24          4          0       1163   system_stm32f4xx.o
       384         32          0          0         72       2560   tim.o
       216         28          0          0        164       1841   usart.o

    ----------------------------------------------------------------------
     12192        832        462         44       2396     832605   Object Totals
         0          0         32          0          0          0   (incl. Generated)
        24          0          6          0          1          0   (incl. Padding)

    ----------------------------------------------------------------------

      Code (inc. data)   RO Data    RW Data    ZI Data      Debug   Library Member Name

         8          0          0          0          0         68   __main.o
         0          0          0          0          0          0   __rtentry.o
        12          0          0          0          0          0   __rtentry2.o
         6          0          0          0          0          0   __rtentry4.o
        52          8          0          0          0          0   __scatter.o
        26          0          0          0          0          0   __scatter_copy.o
        28          0          0          0          0          0   __scatter_zi.o
        22          0          0          0          0        100   _rserrno.o
        18          0          0          0          0         80   exit.o
         6          0          0          0          0        152   heapauxi.o
         0          0          0          0          0          0   indicate_semi.o
         2          0          0          0          0          0   libinit.o
         6          0          0          0          0          0   libinit2.o
         2          0          0          0          0          0   libshutdown.o
         2          0          0          0          0          0   libshutdown2.o
         8          4          0          0         96         68   libspace.o
       238          0          0          0          0        100   lludivv7m.o
         8          4          0          0          0         68   rt_errno_addr_intlibspace.o
        78          0          0          0          0         80   rt_memclr_w.o
         2          0          0          0          0          0   rtexit.o
        10          0          0          0          0          0   rtexit2.o
        12          4          0          0          0         68   sys_exit.o
        74          0          0          0          0         80   sys_stackheap_outer.o
         2          0          0          0          0         68   use_no_semi.o
        24          0          0          0          0        164   basic.o
        98          4          0          0          0        140   d2f.o
       826         16          0          0          0        492   daddsub_clz.o
       688        140          0          0          0        256   ddiv.o
        94          4          0          0          0        140   dfix.o
        84          0          0          0          0        232   dflt_clz.o
       340         12          0          0          0        152   dmul.o
       156          4          0          0          0        140   dnaninf.o
        12          0          0          0          0        116   dretinf.o
       408         56          0          0          0        168   dsqrt_umaal.o
        86          4          0          0          0        132   f2d.o
       140          4          0          0          0        132   fnaninf.o
        10          0          0          0          0        116   fpinit.o
        10          0          0          0          0        116   fretinf.o
         0          0          0          0          0          0   usenofp.o
       856        118         80          0          0        288   acos.o
       200         20          0          0          0        164   cos.o
       368         46         48          0          0        200   cos_i.o
        84         16          0          0          0        372   dunder.o
        24          0          0          0          0        124   fabs.o
        48          0          0          0          0        124   fpclassify.o
        38          0          0          0          0        116   fpclassifyf.o
        74         24          0          0          0        580   funder.o
       248          0          0          0          0        152   poly.o
      1636        110        320          0          0        372   powf.o
      1080        142        200          0          0        188   rred.o
       200         20          0          0          0        164   sin.o
       304         24         40          0          0        208   sin_i.o
       232          0          0          0          0        296   sqrt.o

    ----------------------------------------------------------------------
      9018        788        688          0         96       6776   Library Totals
        28          4          0          0          0          0   (incl. Padding)

    ----------------------------------------------------------------------

      Code (inc. data)   RO Data    RW Data    ZI Data      Debug   Library Name

       622         20          0          0         96        932   c_w.l
      2976        244          0          0          0       2496   fz_wm.l
      5392        520        688          0          0       3348   m_wm.l

    ----------------------------------------------------------------------
      9018        788        688          0         96       6776   Library Totals

    ----------------------------------------------------------------------

==============================================================================


      Code (inc. data)   RO Data    RW Data    ZI Data      Debug   

     21210       1620       1150         44       2492     826117   Grand Totals
     21210       1620       1150         44       2492     826117   ELF Image Totals
     21210       1620       1150         44          0          0   ROM Totals

==============================================================================

    Total RO  Size (Code + RO Data)                22360 (  21.84kB)
    Total RW  Size (RW Data + ZI Data)              2536 (   2.48kB)
    Total ROM Size (Code + RO Data + RW Data)      22404 (  21.88kB)

==============================================================================

